0 verbose cli /usr/local/Cellar/node/23.9.0/bin/node /usr/local/bin/npm
1 info using npm@10.9.2
2 info using node@v23.9.0
3 silly config load:file:/usr/local/lib/node_modules/npm/npmrc
4 silly config load:file:/Users/xspark3/ASM & HRMS/XSpark_HRMS/.npmrc
5 silly config load:file:/Users/xspark3/.npmrc
6 silly config load:file:/usr/local/etc/npmrc
7 verbose title npm install html5-qrcode
8 verbose argv "install" "html5-qrcode"
9 verbose logfile logs-max:10 dir:/Users/xspark3/ASM & HRMS/XSpark_HRMS/.npm-cache/_logs/2026-02-18T08_32_25_523Z-
10 verbose logfile /Users/xspark3/ASM & HRMS/XSpark_HRMS/.npm-cache/_logs/2026-02-18T08_32_25_523Z-debug-0.log
11 silly logfile start cleaning logs, removing 1 files
12 silly packumentCache heap:2197815296 maxSize:549453824 maxEntrySize:274726912
13 silly logfile done cleaning log files
14 silly idealTree buildDeps
15 silly fetch manifest html5-qrcode@*
16 silly packumentCache full:https://registry.npmjs.org/html5-qrcode cache-miss
17 verbose shrinkwrap failed to load node_modules/.package-lock.json out of date, updated: node_modules
18 http fetch GET 200 https://registry.npmjs.org/html5-qrcode 676ms (cache miss)
19 silly packumentCache full:https://registry.npmjs.org/html5-qrcode set size:undefined disposed:false
20 silly placeDep ROOT html5-qrcode@2.3.8 OK for: my-v0-project@0.1.0 want: *
21 silly reify mark retired [
21 silly reify   '/Users/xspark3/ASM & HRMS/XSpark_HRMS/node_modules/class-variance-authority'
21 silly reify ]
22 silly reify mark retired [ '/Users/xspark3/ASM & HRMS/XSpark_HRMS/node_modules/cmdk' ]
23 silly reify mark retired [
23 silly reify   '/Users/xspark3/ASM & HRMS/XSpark_HRMS/node_modules/autoprefixer',
23 silly reify   '/Users/xspark3/ASM & HRMS/XSpark_HRMS/node_modules/.bin/autoprefixer'
23 silly reify ]
24 silly reify mark retired [
24 silly reify   '/Users/xspark3/ASM & HRMS/XSpark_HRMS/node_modules/embla-carousel-react'
24 silly reify ]
25 silly reify mark retired [ '/Users/xspark3/ASM & HRMS/XSpark_HRMS/node_modules/clsx' ]
26 silly reify mark retired [
26 silly reify   '/Users/xspark3/ASM & HRMS/XSpark_HRMS/node_modules/next',
26 silly reify   '/Users/xspark3/ASM & HRMS/XSpark_HRMS/node_modules/.bin/next'
26 silly reify ]
27 silly reify mark retired [ '/Users/xspark3/ASM & HRMS/XSpark_HRMS/node_modules/lucide-react' ]
28 silly reify mark retired [ '/Users/xspark3/ASM & HRMS/XSpark_HRMS/node_modules/input-otp' ]
29 silly reify mark retired [ '/Users/xspark3/ASM & HRMS/XSpark_HRMS/node_modules/postcss' ]
30 silly reify mark retired [
30 silly reify   '/Users/xspark3/ASM & HRMS/XSpark_HRMS/node_modules/jest',
30 silly reify   '/Users/xspark3/ASM & HRMS/XSpark_HRMS/node_modules/.bin/jest'
30 silly reify ]
31 silly reify mark retired [
31 silly reify   '/Users/xspark3/ASM & HRMS/XSpark_HRMS/node_modules/jest-environment-jsdom'
31 silly reify ]
32 silly reify mark retired [ '/Users/xspark3/ASM & HRMS/XSpark_HRMS/node_modules/react' ]
33 silly reify mark retired [ '/Users/xspark3/ASM & HRMS/XSpark_HRMS/node_modules/framer-motion' ]
34 silly reify mark retired [ '/Users/xspark3/ASM & HRMS/XSpark_HRMS/node_modules/next-themes' ]
35 silly reify mark retired [ '/Users/xspark3/ASM & HRMS/XSpark_HRMS/node_modules/react-dom' ]
36 silly reify mark retired [
36 silly reify   '/Users/xspark3/ASM & HRMS/XSpark_HRMS/node_modules/react-resizable-panels'
36 silly reify ]
37 silly reify mark retired [ '/Users/xspark3/ASM & HRMS/XSpark_HRMS/node_modules/recharts' ]
38 silly reify mark retired [ '/Users/xspark3/ASM & HRMS/XSpark_HRMS/node_modules/tailwindcss' ]
39 silly reify mark retired [
39 silly reify   '/Users/xspark3/ASM & HRMS/XSpark_HRMS/node_modules/react-day-picker'
39 silly reify ]
40 silly reify mark retired [ '/Users/xspark3/ASM & HRMS/XSpark_HRMS/node_modules/tailwind-merge' ]
41 silly reify mark retired [ '/Users/xspark3/ASM & HRMS/XSpark_HRMS/node_modules/date-fns' ]
42 silly reify mark retired [ '/Users/xspark3/ASM & HRMS/XSpark_HRMS/node_modules/sonner' ]
43 silly reify mark retired [ '/Users/xspark3/ASM & HRMS/XSpark_HRMS/node_modules/swr' ]
44 silly reify mark retired [
44 silly reify   '/Users/xspark3/ASM & HRMS/XSpark_HRMS/node_modules/tailwindcss-animate'
44 silly reify ]
45 silly reify mark retired [
45 silly reify   '/Users/xspark3/ASM & HRMS/XSpark_HRMS/node_modules/react-hook-form'
45 silly reify ]
46 silly reify mark retired [
46 silly reify   '/Users/xspark3/ASM & HRMS/XSpark_HRMS/node_modules/typescript',
46 silly reify   '/Users/xspark3/ASM & HRMS/XSpark_HRMS/node_modules/.bin/tsc',
46 silly reify   '/Users/xspark3/ASM & HRMS/XSpark_HRMS/node_modules/.bin/tsserver'
46 silly reify ]
47 silly reify mark retired [ '/Users/xspark3/ASM & HRMS/XSpark_HRMS/node_modules/tw-animate-css' ]
48 silly reify mark retired [ '/Users/xspark3/ASM & HRMS/XSpark_HRMS/node_modules/zod' ]
49 silly reify mark retired [ '/Users/xspark3/ASM & HRMS/XSpark_HRMS/node_modules/vaul' ]
50 silly reify mark retired [
50 silly reify   '/Users/xspark3/ASM & HRMS/XSpark_HRMS/node_modules/ts-jest',
50 silly reify   '/Users/xspark3/ASM & HRMS/XSpark_HRMS/node_modules/.bin/ts-jest'
50 silly reify ]
51 silly reify mark retired [ '/Users/xspark3/ASM & HRMS/XSpark_HRMS/node_modules/tsconfig-paths' ]
52 silly reify mark retired [
52 silly reify   '/Users/xspark3/ASM & HRMS/XSpark_HRMS/node_modules/ts-node',
52 silly reify   '/Users/xspark3/ASM & HRMS/XSpark_HRMS/node_modules/.bin/ts-node',
52 silly reify   '/Users/xspark3/ASM & HRMS/XSpark_HRMS/node_modules/.bin/ts-node-cwd',
52 silly reify   '/Users/xspark3/ASM & HRMS/XSpark_HRMS/node_modules/.bin/ts-node-esm',
52 silly reify   '/Users/xspark3/ASM & HRMS/XSpark_HRMS/node_modules/.bin/ts-node-script',
52 silly reify   '/Users/xspark3/ASM & HRMS/XSpark_HRMS/node_modules/.bin/ts-node-transpile-only',
52 silly reify   '/Users/xspark3/ASM & HRMS/XSpark_HRMS/node_modules/.bin/ts-script'
52 silly reify ]
53 silly reify mark retired [
53 silly reify   '/Users/xspark3/ASM & HRMS/XSpark_HRMS/node_modules/@radix-ui/react-checkbox'
53 silly reify ]
54 silly reify mark retired [
54 silly reify   '/Users/xspark3/ASM & HRMS/XSpark_HRMS/node_modules/@radix-ui/react-alert-dialog'
54 silly reify ]
55 silly reify mark retired [
55 silly reify   '/Users/xspark3/ASM & HRMS/XSpark_HRMS/node_modules/@radix-ui/react-dialog'
55 silly reify ]
56 silly reify mark retired [
56 silly reify   '/Users/xspark3/ASM & HRMS/XSpark_HRMS/node_modules/@radix-ui/react-dropdown-menu'
56 silly reify ]
57 silly reify mark retired [
57 silly reify   '/Users/xspark3/ASM & HRMS/XSpark_HRMS/node_modules/@radix-ui/react-avatar'
57 silly reify ]
58 silly reify mark retired [
58 silly reify   '/Users/xspark3/ASM & HRMS/XSpark_HRMS/node_modules/@radix-ui/react-label'
58 silly reify ]
59 silly reify mark retired [
59 silly reify   '/Users/xspark3/ASM & HRMS/XSpark_HRMS/node_modules/@radix-ui/react-radio-group'
59 silly reify ]
60 silly reify mark retired [
60 silly reify   '/Users/xspark3/ASM & HRMS/XSpark_HRMS/node_modules/@radix-ui/react-scroll-area'
60 silly reify ]
61 silly reify mark retired [
61 silly reify   '/Users/xspark3/ASM & HRMS/XSpark_HRMS/node_modules/@radix-ui/react-select'
61 silly reify ]
62 silly reify mark retired [
62 silly reify   '/Users/xspark3/ASM & HRMS/XSpark_HRMS/node_modules/@hookform/resolvers'
62 silly reify ]
63 silly reify mark retired [
63 silly reify   '/Users/xspark3/ASM & HRMS/XSpark_HRMS/node_modules/@radix-ui/react-navigation-menu'
63 silly reify ]
64 silly reify mark retired [
64 silly reify   '/Users/xspark3/ASM & HRMS/XSpark_HRMS/node_modules/@radix-ui/react-collapsible'
64 silly reify ]
65 silly reify mark retired [
65 silly reify   '/Users/xspark3/ASM & HRMS/XSpark_HRMS/node_modules/@radix-ui/react-context-menu'
65 silly reify ]
66 silly reify mark retired [
66 silly reify   '/Users/xspark3/ASM & HRMS/XSpark_HRMS/node_modules/@radix-ui/react-hover-card'
66 silly reify ]
67 silly reify mark retired [
67 silly reify   '/Users/xspark3/ASM & HRMS/XSpark_HRMS/node_modules/@radix-ui/react-accordion'
67 silly reify ]
68 silly reify mark retired [
68 silly reify   '/Users/xspark3/ASM & HRMS/XSpark_HRMS/node_modules/@radix-ui/react-menubar'
68 silly reify ]
69 silly reify mark retired [
69 silly reify   '/Users/xspark3/ASM & HRMS/XSpark_HRMS/node_modules/@radix-ui/react-progress'
69 silly reify ]
70 silly reify mark retired [
70 silly reify   '/Users/xspark3/ASM & HRMS/XSpark_HRMS/node_modules/@radix-ui/react-separator'
70 silly reify ]
71 silly reify mark retired [
71 silly reify   '/Users/xspark3/ASM & HRMS/XSpark_HRMS/node_modules/@radix-ui/react-popover'
71 silly reify ]
72 silly reify mark retired [
72 silly reify   '/Users/xspark3/ASM & HRMS/XSpark_HRMS/node_modules/@radix-ui/react-slot'
72 silly reify ]
73 silly reify mark retired [
73 silly reify   '/Users/xspark3/ASM & HRMS/XSpark_HRMS/node_modules/@radix-ui/react-tooltip'
73 silly reify ]
74 silly reify mark retired [
74 silly reify   '/Users/xspark3/ASM & HRMS/XSpark_HRMS/node_modules/@radix-ui/react-switch'
74 silly reify ]
75 silly reify mark retired [
75 silly reify   '/Users/xspark3/ASM & HRMS/XSpark_HRMS/node_modules/@radix-ui/react-slider'
75 silly reify ]
76 silly reify mark retired [
76 silly reify   '/Users/xspark3/ASM & HRMS/XSpark_HRMS/node_modules/@radix-ui/react-toast'
76 silly reify ]
77 silly reify mark retired [
77 silly reify   '/Users/xspark3/ASM & HRMS/XSpark_HRMS/node_modules/@radix-ui/react-tabs'
77 silly reify ]
78 silly reify mark retired [
78 silly reify   '/Users/xspark3/ASM & HRMS/XSpark_HRMS/node_modules/@radix-ui/react-toggle-group'
78 silly reify ]
79 silly reify mark retired [
79 silly reify   '/Users/xspark3/ASM & HRMS/XSpark_HRMS/node_modules/@tailwindcss/postcss'
79 silly reify ]
80 silly reify mark retired [
80 silly reify   '/Users/xspark3/ASM & HRMS/XSpark_HRMS/node_modules/@testing-library/react'
80 silly reify ]
81 silly reify mark retired [
81 silly reify   '/Users/xspark3/ASM & HRMS/XSpark_HRMS/node_modules/@supabase/supabase-js'
81 silly reify ]
82 silly reify mark retired [ '/Users/xspark3/ASM & HRMS/XSpark_HRMS/node_modules/@types/node' ]
83 silly reify mark retired [ '/Users/xspark3/ASM & HRMS/XSpark_HRMS/node_modules/@types/react' ]
84 silly reify mark retired [
84 silly reify   '/Users/xspark3/ASM & HRMS/XSpark_HRMS/node_modules/@types/react-dom'
84 silly reify ]
85 silly reify mark retired [
85 silly reify   '/Users/xspark3/ASM & HRMS/XSpark_HRMS/node_modules/@vercel/analytics'
85 silly reify ]
86 silly reify mark retired [ '/Users/xspark3/ASM & HRMS/XSpark_HRMS/node_modules/@types/jest' ]
87 silly reify mark retired [
87 silly reify   '/Users/xspark3/ASM & HRMS/XSpark_HRMS/node_modules/@testing-library/jest-dom'
87 silly reify ]
88 silly reify mark retired [
88 silly reify   '/Users/xspark3/ASM & HRMS/XSpark_HRMS/node_modules/@radix-ui/react-toggle'
88 silly reify ]
89 silly reify mark retired [
89 silly reify   '/Users/xspark3/ASM & HRMS/XSpark_HRMS/node_modules/@testing-library/user-event'
89 silly reify ]
90 silly reify mark retired [
90 silly reify   '/Users/xspark3/ASM & HRMS/XSpark_HRMS/node_modules/@radix-ui/react-aspect-ratio'
90 silly reify ]
91 silly reify moves {
91 silly reify   '/Users/xspark3/ASM & HRMS/XSpark_HRMS/node_modules/class-variance-authority': '/Users/xspark3/ASM & HRMS/XSpark_HRMS/node_modules/.class-variance-authority-jniwowQJ',
91 silly reify   '/Users/xspark3/ASM & HRMS/XSpark_HRMS/node_modules/cmdk': '/Users/xspark3/ASM & HRMS/XSpark_HRMS/node_modules/.cmdk-r2BKSFwv',
91 silly reify   '/Users/xspark3/ASM & HRMS/XSpark_HRMS/node_modules/autoprefixer': '/Users/xspark3/ASM & HRMS/XSpark_HRMS/node_modules/.autoprefixer-vJnCJ3mw',
91 silly reify   '/Users/xspark3/ASM & HRMS/XSpark_HRMS/node_modules/.bin/autoprefixer': '/Users/xspark3/ASM & HRMS/XSpark_HRMS/node_modules/.bin/.autoprefixer-mpAw2PIo',
91 silly reify   '/Users/xspark3/ASM & HRMS/XSpark_HRMS/node_modules/embla-carousel-react': '/Users/xspark3/ASM & HRMS/XSpark_HRMS/node_modules/.embla-carousel-react-Dmc3c65G',
91 silly reify   '/Users/xspark3/ASM & HRMS/XSpark_HRMS/node_modules/clsx': '/Users/xspark3/ASM & HRMS/XSpark_HRMS/node_modules/.clsx-MoLMppHx',
91 silly reify   '/Users/xspark3/ASM & HRMS/XSpark_HRMS/node_modules/next': '/Users/xspark3/ASM & HRMS/XSpark_HRMS/node_modules/.next-M8WQuyWf',
91 silly reify   '/Users/xspark3/ASM & HRMS/XSpark_HRMS/node_modules/.bin/next': '/Users/xspark3/ASM & HRMS/XSpark_HRMS/node_modules/.bin/.next-fyWFVjxJ',
91 silly reify   '/Users/xspark3/ASM & HRMS/XSpark_HRMS/node_modules/lucide-react': '/Users/xspark3/ASM & HRMS/XSpark_HRMS/node_modules/.lucide-react-2hLdYrGo',
91 silly reify   '/Users/xspark3/ASM & HRMS/XSpark_HRMS/node_modules/input-otp': '/Users/xspark3/ASM & HRMS/XSpark_HRMS/node_modules/.input-otp-QKtEXtBc',
91 silly reify   '/Users/xspark3/ASM & HRMS/XSpark_HRMS/node_modules/postcss': '/Users/xspark3/ASM & HRMS/XSpark_HRMS/node_modules/.postcss-Yn6f7m2m',
91 silly reify   '/Users/xspark3/ASM & HRMS/XSpark_HRMS/node_modules/jest': '/Users/xspark3/ASM & HRMS/XSpark_HRMS/node_modules/.jest-y7tmKPvN',
91 silly reify   '/Users/xspark3/ASM & HRMS/XSpark_HRMS/node_modules/.bin/jest': '/Users/xspark3/ASM & HRMS/XSpark_HRMS/node_modules/.bin/.jest-ULhX6FFl',
91 silly reify   '/Users/xspark3/ASM & HRMS/XSpark_HRMS/node_modules/jest-environment-jsdom': '/Users/xspark3/ASM & HRMS/XSpark_HRMS/node_modules/.jest-environment-jsdom-wSOXwuHN',
91 silly reify   '/Users/xspark3/ASM & HRMS/XSpark_HRMS/node_modules/react': '/Users/xspark3/ASM & HRMS/XSpark_HRMS/node_modules/.react-tkan2BXB',
91 silly reify   '/Users/xspark3/ASM & HRMS/XSpark_HRMS/node_modules/framer-motion': '/Users/xspark3/ASM & HRMS/XSpark_HRMS/node_modules/.framer-motion-yUez2UWM',
91 silly reify   '/Users/xspark3/ASM & HRMS/XSpark_HRMS/node_modules/next-themes': '/Users/xspark3/ASM & HRMS/XSpark_HRMS/node_modules/.next-themes-OaxVkALb',
91 silly reify   '/Users/xspark3/ASM & HRMS/XSpark_HRMS/node_modules/react-dom': '/Users/xspark3/ASM & HRMS/XSpark_HRMS/node_modules/.react-dom-kk5HZkfO',
91 silly reify   '/Users/xspark3/ASM & HRMS/XSpark_HRMS/node_modules/react-resizable-panels': '/Users/xspark3/ASM & HRMS/XSpark_HRMS/node_modules/.react-resizable-panels-3rLHp2Zf',
91 silly reify   '/Users/xspark3/ASM & HRMS/XSpark_HRMS/node_modules/recharts': '/Users/xspark3/ASM & HRMS/XSpark_HRMS/node_modules/.recharts-wrksknJU',
91 silly reify   '/Users/xspark3/ASM & HRMS/XSpark_HRMS/node_modules/tailwindcss': '/Users/xspark3/ASM & HRMS/XSpark_HRMS/node_modules/.tailwindcss-zS4eEegX',
91 silly reify   '/Users/xspark3/ASM & HRMS/XSpark_HRMS/node_modules/react-day-picker': '/Users/xspark3/ASM & HRMS/XSpark_HRMS/node_modules/.react-day-picker-GTI7pBvN',
91 silly reify   '/Users/xspark3/ASM & HRMS/XSpark_HRMS/node_modules/tailwind-merge': '/Users/xspark3/ASM & HRMS/XSpark_HRMS/node_modules/.tailwind-merge-3u6eLrHp',
91 silly reify   '/Users/xspark3/ASM & HRMS/XSpark_HRMS/node_modules/date-fns': '/Users/xspark3/ASM & HRMS/XSpark_HRMS/node_modules/.date-fns-pLNc0tZg',
91 silly reify   '/Users/xspark3/ASM & HRMS/XSpark_HRMS/node_modules/sonner': '/Users/xspark3/ASM & HRMS/XSpark_HRMS/node_modules/.sonner-x4lyJnJJ',
91 silly reify   '/Users/xspark3/ASM & HRMS/XSpark_HRMS/node_modules/swr': '/Users/xspark3/ASM & HRMS/XSpark_HRMS/node_modules/.swr-NEstpdCE',
91 silly reify   '/Users/xspark3/ASM & HRMS/XSpark_HRMS/node_modules/tailwindcss-animate': '/Users/xspark3/ASM & HRMS/XSpark_HRMS/node_modules/.tailwindcss-animate-26nHH0S4',
91 silly reify   '/Users/xspark3/ASM & HRMS/XSpark_HRMS/node_modules/react-hook-form': '/Users/xspark3/ASM & HRMS/XSpark_HRMS/node_modules/.react-hook-form-5uEmRgSW',
91 silly reify   '/Users/xspark3/ASM & HRMS/XSpark_HRMS/node_modules/typescript': '/Users/xspark3/ASM & HRMS/XSpark_HRMS/node_modules/.typescript-PPvLYRPa',
91 silly reify   '/Users/xspark3/ASM & HRMS/XSpark_HRMS/node_modules/.bin/tsc': '/Users/xspark3/ASM & HRMS/XSpark_HRMS/node_modules/.bin/.tsc-RYcfK2y8',
91 silly reify   '/Users/xspark3/ASM & HRMS/XSpark_HRMS/node_modules/.bin/tsserver': '/Users/xspark3/ASM & HRMS/XSpark_HRMS/node_modules/.bin/.tsserver-A07nE0ue',
91 silly reify   '/Users/xspark3/ASM & HRMS/XSpark_HRMS/node_modules/tw-animate-css': '/Users/xspark3/ASM & HRMS/XSpark_HRMS/node_modules/.tw-animate-css-YVAWVAXd',
91 silly reify   '/Users/xspark3/ASM & HRMS/XSpark_HRMS/node_modules/zod': '/Users/xspark3/ASM & HRMS/XSpark_HRMS/node_modules/.zod-HjXf1kLL',
91 silly reify   '/Users/xspark3/ASM & HRMS/XSpark_HRMS/node_modules/vaul': '/Users/xspark3/ASM & HRMS/XSpark_HRMS/node_modules/.vaul-ENgCVnAz',
91 silly reify   '/Users/xspark3/ASM & HRMS/XSpark_HRMS/node_modules/ts-jest': '/Users/xspark3/ASM & HRMS/XSpark_HRMS/node_modules/.ts-jest-xubCUV9t',
91 silly reify   '/Users/xspark3/ASM & HRMS/XSpark_HRMS/node_modules/.bin/ts-jest': '/Users/xspark3/ASM & HRMS/XSpark_HRMS/node_modules/.bin/.ts-jest-7LJL0mVM',
91 silly reify   '/Users/xspark3/ASM & HRMS/XSpark_HRMS/node_modules/tsconfig-paths': '/Users/xspark3/ASM & HRMS/XSpark_HRMS/node_modules/.tsconfig-paths-tgqpc7vb',
91 silly reify   '/Users/xspark3/ASM & HRMS/XSpark_HRMS/node_modules/ts-node': '/Users/xspark3/ASM & HRMS/XSpark_HRMS/node_modules/.ts-node-ujkX9tw8',
91 silly reify   '/Users/xspark3/ASM & HRMS/XSpark_HRMS/node_modules/.bin/ts-node': '/Users/xspark3/ASM & HRMS/XSpark_HRMS/node_modules/.bin/.ts-node-YC9oPTsG',
91 silly reify   '/Users/xspark3/ASM & HRMS/XSpark_HRMS/node_modules/.bin/ts-node-cwd': '/Users/xspark3/ASM & HRMS/XSpark_HRMS/node_modules/.bin/.ts-node-cwd-zXMNtYoV',
91 silly reify   '/Users/xspark3/ASM & HRMS/XSpark_HRMS/node_modules/.bin/ts-node-esm': '/Users/xspark3/ASM & HRMS/XSpark_HRMS/node_modules/.bin/.ts-node-esm-I0Kg4r0p',
91 silly reify   '/Users/xspark3/ASM & HRMS/XSpark_HRMS/node_modules/.bin/ts-node-script': '/Users/xspark3/ASM & HRMS/XSpark_HRMS/node_modules/.bin/.ts-node-script-2vsBDQUM',
91 silly reify   '/Users/xspark3/ASM & HRMS/XSpark_HRMS/node_modules/.bin/ts-node-transpile-only': '/Users/xspark3/ASM & HRMS/XSpark_HRMS/node_modules/.bin/.ts-node-transpile-only-sYQ4GCd0',
91 silly reify   '/Users/xspark3/ASM & HRMS/XSpark_HRMS/node_modules/.bin/ts-script': '/Users/xspark3/ASM & HRMS/XSpark_HRMS/node_modules/.bin/.ts-script-PAJUttNB',
91 silly reify   '/Users/xspark3/ASM & HRMS/XSpark_HRMS/node_modules/@radix-ui/react-checkbox': '/Users/xspark3/ASM & HRMS/XSpark_HRMS/node_modules/@radix-ui/.react-checkbox-o5gjLC1h',
91 silly reify   '/Users/xspark3/ASM & HRMS/XSpark_HRMS/node_modules/@radix-ui/react-alert-dialog': '/Users/xspark3/ASM & HRMS/XSpark_HRMS/node_modules/@radix-ui/.react-alert-dialog-EoVukPK6',
91 silly reify   '/Users/xspark3/ASM & HRMS/XSpark_HRMS/node_modules/@radix-ui/react-dialog': '/Users/xspark3/ASM & HRMS/XSpark_HRMS/node_modules/@radix-ui/.react-dialog-vDB3H7t1',
91 silly reify   '/Users/xspark3/ASM & HRMS/XSpark_HRMS/node_modules/@radix-ui/react-dropdown-menu': '/Users/xspark3/ASM & HRMS/XSpark_HRMS/node_modules/@radix-ui/.react-dropdown-menu-Nc1wgcQD',
91 silly reify   '/Users/xspark3/ASM & HRMS/XSpark_HRMS/node_modules/@radix-ui/react-avatar': '/Users/xspark3/ASM & HRMS/XSpark_HRMS/node_modules/@radix-ui/.react-avatar-4wL82stx',
91 silly reify   '/Users/xspark3/ASM & HRMS/XSpark_HRMS/node_modules/@radix-ui/react-label': '/Users/xspark3/ASM & HRMS/XSpark_HRMS/node_modules/@radix-ui/.react-label-wpbDa5wk',
91 silly reify   '/Users/xspark3/ASM & HRMS/XSpark_HRMS/node_modules/@radix-ui/react-radio-group': '/Users/xspark3/ASM & HRMS/XSpark_HRMS/node_modules/@radix-ui/.react-radio-group-NSSEhC5Z',
91 silly reify   '/Users/xspark3/ASM & HRMS/XSpark_HRMS/node_modules/@radix-ui/react-scroll-area': '/Users/xspark3/ASM & HRMS/XSpark_HRMS/node_modules/@radix-ui/.react-scroll-area-EfrvdZ9w',
91 silly reify   '/Users/xspark3/ASM & HRMS/XSpark_HRMS/node_modules/@radix-ui/react-select': '/Users/xspark3/ASM & HRMS/XSpark_HRMS/node_modules/@radix-ui/.react-select-R7I26RBE',
91 silly reify   '/Users/xspark3/ASM & HRMS/XSpark_HRMS/node_modules/@hookform/resolvers': '/Users/xspark3/ASM & HRMS/XSpark_HRMS/node_modules/@hookform/.resolvers-qWCXQDL6',
91 silly reify   '/Users/xspark3/ASM & HRMS/XSpark_HRMS/node_modules/@radix-ui/react-navigation-menu': '/Users/xspark3/ASM & HRMS/XSpark_HRMS/node_modules/@radix-ui/.react-navigation-menu-yJglB87f',
91 silly reify   '/Users/xspark3/ASM & HRMS/XSpark_HRMS/node_modules/@radix-ui/react-collapsible': '/Users/xspark3/ASM & HRMS/XSpark_HRMS/node_modules/@radix-ui/.react-collapsible-ipEu5IUr',
91 silly reify   '/Users/xspark3/ASM & HRMS/XSpark_HRMS/node_modules/@radix-ui/react-context-menu': '/Users/xspark3/ASM & HRMS/XSpark_HRMS/node_modules/@radix-ui/.react-context-menu-5B6uX1h5',
91 silly reify   '/Users/xspark3/ASM & HRMS/XSpark_HRMS/node_modules/@radix-ui/react-hover-card': '/Users/xspark3/ASM & HRMS/XSpark_HRMS/node_modules/@radix-ui/.react-hover-card-V2Lg4NsI',
91 silly reify   '/Users/xspark3/ASM & HRMS/XSpark_HRMS/node_modules/@radix-ui/react-accordion': '/Users/xspark3/ASM & HRMS/XSpark_HRMS/node_modules/@radix-ui/.react-accordion-tHJD9M0p',
91 silly reify   '/Users/xspark3/ASM & HRMS/XSpark_HRMS/node_modules/@radix-ui/react-menubar': '/Users/xspark3/ASM & HRMS/XSpark_HRMS/node_modules/@radix-ui/.react-menubar-JM96S0ez',
91 silly reify   '/Users/xspark3/ASM & HRMS/XSpark_HRMS/node_modules/@radix-ui/react-progress': '/Users/xspark3/ASM & HRMS/XSpark_HRMS/node_modules/@radix-ui/.react-progress-pAOLuYVw',
91 silly reify   '/Users/xspark3/ASM & HRMS/XSpark_HRMS/node_modules/@radix-ui/react-separator': '/Users/xspark3/ASM & HRMS/XSpark_HRMS/node_modules/@radix-ui/.react-separator-jX1qg2U4',
91 silly reify   '/Users/xspark3/ASM & HRMS/XSpark_HRMS/node_modules/@radix-ui/react-popover': '/Users/xspark3/ASM & HRMS/XSpark_HRMS/node_modules/@radix-ui/.react-popover-y8YCMCHk',
91 silly reify   '/Users/xspark3/ASM & HRMS/XSpark_HRMS/node_modules/@radix-ui/react-slot': '/Users/xspark3/ASM & HRMS/XSpark_HRMS/node_modules/@radix-ui/.react-slot-CMSVY9aw',
91 silly reify   '/Users/xspark3/ASM & HRMS/XSpark_HRMS/node_modules/@radix-ui/react-tooltip': '/Users/xspark3/ASM & HRMS/XSpark_HRMS/node_modules/@radix-ui/.react-tooltip-f9gfaQyx',
91 silly reify   '/Users/xspark3/ASM & HRMS/XSpark_HRMS/node_modules/@radix-ui/react-switch': '/Users/xspark3/ASM & HRMS/XSpark_HRMS/node_modules/@radix-ui/.react-switch-xeyqAbcr',
91 silly reify   '/Users/xspark3/ASM & HRMS/XSpark_HRMS/node_modules/@radix-ui/react-slider': '/Users/xspark3/ASM & HRMS/XSpark_HRMS/node_modules/@radix-ui/.react-slider-KoKM2uB8',
91 silly reify   '/Users/xspark3/ASM & HRMS/XSpark_HRMS/node_modules/@radix-ui/react-toast': '/Users/xspark3/ASM & HRMS/XSpark_HRMS/node_modules/@radix-ui/.react-toast-zGtDVcBZ',
91 silly reify   '/Users/xspark3/ASM & HRMS/XSpark_HRMS/node_modules/@radix-ui/react-tabs': '/Users/xspark3/ASM & HRMS/XSpark_HRMS/node_modules/@radix-ui/.react-tabs-6W8POMlg',
91 silly reify   '/Users/xspark3/ASM & HRMS/XSpark_HRMS/node_modules/@radix-ui/react-toggle-group': '/Users/xspark3/ASM & HRMS/XSpark_HRMS/node_modules/@radix-ui/.react-toggle-group-PwbelYMz',
91 silly reify   '/Users/xspark3/ASM & HRMS/XSpark_HRMS/node_modules/@tailwindcss/postcss': '/Users/xspark3/ASM & HRMS/XSpark_HRMS/node_modules/@tailwindcss/.postcss-YRRBemAb',
91 silly reify   '/Users/xspark3/ASM & HRMS/XSpark_HRMS/node_modules/@testing-library/react': '/Users/xspark3/ASM & HRMS/XSpark_HRMS/node_modules/@testing-library/.react-blWwADE2',
91 silly reify   '/Users/xspark3/ASM & HRMS/XSpark_HRMS/node_modules/@supabase/supabase-js': '/Users/xspark3/ASM & HRMS/XSpark_HRMS/node_modules/@supabase/.supabase-js-zNy6MlQX',
91 silly reify   '/Users/xspark3/ASM & HRMS/XSpark_HRMS/node_modules/@types/node': '/Users/xspark3/ASM & HRMS/XSpark_HRMS/node_modules/@types/.node-oPaIEQPk',
91 silly reify   '/Users/xspark3/ASM & HRMS/XSpark_HRMS/node_modules/@types/react': '/Users/xspark3/ASM & HRMS/XSpark_HRMS/node_modules/@types/.react-13WmQdRy',
91 silly reify   '/Users/xspark3/ASM & HRMS/XSpark_HRMS/node_modules/@types/react-dom': '/Users/xspark3/ASM & HRMS/XSpark_HRMS/node_modules/@types/.react-dom-aCWzHdXg',
91 silly reify   '/Users/xspark3/ASM & HRMS/XSpark_HRMS/node_modules/@vercel/analytics': '/Users/xspark3/ASM & HRMS/XSpark_HRMS/node_modules/@vercel/.analytics-ooz7Gx2A',
91 silly reify   '/Users/xspark3/ASM & HRMS/XSpark_HRMS/node_modules/@types/jest': '/Users/xspark3/ASM & HRMS/XSpark_HRMS/node_modules/@types/.jest-vICtgxBp',
91 silly reify   '/Users/xspark3/ASM & HRMS/XSpark_HRMS/node_modules/@testing-library/jest-dom': '/Users/xspark3/ASM & HRMS/XSpark_HRMS/node_modules/@testing-library/.jest-dom-KnavmMcL',
91 silly reify   '/Users/xspark3/ASM & HRMS/XSpark_HRMS/node_modules/@radix-ui/react-toggle': '/Users/xspark3/ASM & HRMS/XSpark_HRMS/node_modules/@radix-ui/.react-toggle-AiIGwrnE',
91 silly reify   '/Users/xspark3/ASM & HRMS/XSpark_HRMS/node_modules/@testing-library/user-event': '/Users/xspark3/ASM & HRMS/XSpark_HRMS/node_modules/@testing-library/.user-event-LPxyhcxT',
91 silly reify   '/Users/xspark3/ASM & HRMS/XSpark_HRMS/node_modules/@radix-ui/react-aspect-ratio': '/Users/xspark3/ASM & HRMS/XSpark_HRMS/node_modules/@radix-ui/.react-aspect-ratio-r1ukxZzL'
91 silly reify }
92 verbose reify failed optional dependency /Users/xspark3/ASM & HRMS/XSpark_HRMS/node_modules/@tailwindcss/oxide-wasm32-wasi
93 silly reify mark deleted [
93 silly reify   '/Users/xspark3/ASM & HRMS/XSpark_HRMS/node_modules/@tailwindcss/oxide-wasm32-wasi'
93 silly reify ]
94 silly audit bulk request {
94 silly audit   '@adobe/css-tools': [ '4.4.4' ],
94 silly audit   '@alloc/quick-lru': [ '5.2.0' ],
94 silly audit   '@babel/code-frame': [ '7.27.1' ],
94 silly audit   '@babel/compat-data': [ '7.28.4' ],
94 silly audit   '@babel/core': [ '7.28.4' ],
94 silly audit   semver: [ '6.3.1', '7.7.3' ],
94 silly audit   '@babel/generator': [ '7.28.3' ],
94 silly audit   '@babel/helper-compilation-targets': [ '7.27.2' ],
94 silly audit   '@babel/helper-globals': [ '7.28.0' ],
94 silly audit   '@babel/helper-module-imports': [ '7.27.1' ],
94 silly audit   '@babel/helper-module-transforms': [ '7.28.3' ],
94 silly audit   '@babel/helper-plugin-utils': [ '7.27.1' ],
94 silly audit   '@babel/helper-string-parser': [ '7.27.1' ],
94 silly audit   '@babel/helper-validator-identifier': [ '7.27.1' ],
94 silly audit   '@babel/helper-validator-option': [ '7.27.1' ],
94 silly audit   '@babel/helpers': [ '7.28.4' ],
94 silly audit   '@babel/parser': [ '7.28.4' ],
94 silly audit   '@babel/plugin-syntax-async-generators': [ '7.8.4' ],
94 silly audit   '@babel/plugin-syntax-bigint': [ '7.8.3' ],
94 silly audit   '@babel/plugin-syntax-class-properties': [ '7.12.13' ],
94 silly audit   '@babel/plugin-syntax-class-static-block': [ '7.14.5' ],
94 silly audit   '@babel/plugin-syntax-import-attributes': [ '7.27.1' ],
94 silly audit   '@babel/plugin-syntax-import-meta': [ '7.10.4' ],
94 silly audit   '@babel/plugin-syntax-json-strings': [ '7.8.3' ],
94 silly audit   '@babel/plugin-syntax-jsx': [ '7.27.1' ],
94 silly audit   '@babel/plugin-syntax-logical-assignment-operators': [ '7.10.4' ],
94 silly audit   '@babel/plugin-syntax-nullish-coalescing-operator': [ '7.8.3' ],
94 silly audit   '@babel/plugin-syntax-numeric-separator': [ '7.10.4' ],
94 silly audit   '@babel/plugin-syntax-object-rest-spread': [ '7.8.3' ],
94 silly audit   '@babel/plugin-syntax-optional-catch-binding': [ '7.8.3' ],
94 silly audit   '@babel/plugin-syntax-optional-chaining': [ '7.8.3' ],
94 silly audit   '@babel/plugin-syntax-private-property-in-object': [ '7.14.5' ],
94 silly audit   '@babel/plugin-syntax-top-level-await': [ '7.14.5' ],
94 silly audit   '@babel/plugin-syntax-typescript': [ '7.27.1' ],
94 silly audit   '@babel/runtime': [ '7.28.4' ],
94 silly audit   '@babel/template': [ '7.27.2' ],
94 silly audit   '@babel/traverse': [ '7.28.4' ],
94 silly audit   '@babel/types': [ '7.28.4' ],
94 silly audit   '@bcoe/v8-coverage': [ '0.2.3' ],
94 silly audit   '@cspotcode/source-map-support': [ '0.8.1' ],
94 silly audit   '@jridgewell/trace-mapping': [ '0.3.9', '0.3.31' ],
94 silly audit   '@date-fns/tz': [ '1.2.0' ],
94 silly audit   '@emnapi/runtime': [ '1.5.0' ],
94 silly audit   '@floating-ui/core': [ '1.7.3' ],
94 silly audit   '@floating-ui/dom': [ '1.7.4' ],
94 silly audit   '@floating-ui/react-dom': [ '2.1.6' ],
94 silly audit   '@floating-ui/utils': [ '0.2.10' ],
94 silly audit   '@hookform/resolvers': [ '3.10.0' ],
94 silly audit   '@img/colour': [ '1.0.0' ],
94 silly audit   '@img/sharp-darwin-arm64': [ '0.34.4' ],
94 silly audit   '@img/sharp-darwin-x64': [ '0.34.4' ],
94 silly audit   '@img/sharp-libvips-darwin-arm64': [ '1.2.3' ],
94 silly audit   '@img/sharp-libvips-darwin-x64': [ '1.2.3' ],
94 silly audit   '@img/sharp-libvips-linux-arm': [ '1.2.3' ],
94 silly audit   '@img/sharp-libvips-linux-arm64': [ '1.2.3' ],
94 silly audit   '@img/sharp-libvips-linux-ppc64': [ '1.2.3' ],
94 silly audit   '@img/sharp-libvips-linux-s390x': [ '1.2.3' ],
94 silly audit   '@img/sharp-libvips-linux-x64': [ '1.2.3' ],
94 silly audit   '@img/sharp-libvips-linuxmusl-arm64': [ '1.2.3' ],
94 silly audit   '@img/sharp-libvips-linuxmusl-x64': [ '1.2.3' ],
94 silly audit   '@img/sharp-linux-arm': [ '0.34.4' ],
94 silly audit   '@img/sharp-linux-arm64': [ '0.34.4' ],
94 silly audit   '@img/sharp-linux-ppc64': [ '0.34.4' ],
94 silly audit   '@img/sharp-linux-s390x': [ '0.34.4' ],
94 silly audit   '@img/sharp-linux-x64': [ '0.34.4' ],
94 silly audit   '@img/sharp-linuxmusl-arm64': [ '0.34.4' ],
94 silly audit   '@img/sharp-linuxmusl-x64': [ '0.34.4' ],
94 silly audit   '@img/sharp-wasm32': [ '0.34.4' ],
94 silly audit   '@img/sharp-win32-arm64': [ '0.34.4' ],
94 silly audit   '@img/sharp-win32-ia32': [ '0.34.4' ],
94 silly audit   '@img/sharp-win32-x64': [ '0.34.4' ],
94 silly audit   '@isaacs/fs-minipass': [ '4.0.1' ],
94 silly audit   '@istanbuljs/load-nyc-config': [ '1.1.0' ],
94 silly audit   '@istanbuljs/schema': [ '0.1.3' ],
94 silly audit   '@jest/console': [ '29.7.0' ],
94 silly audit   '@jest/core': [ '29.7.0' ],
94 silly audit   'ansi-styles': [ '5.2.0', '4.3.0' ],
94 silly audit   'jest-config': [ '29.7.0' ],
94 silly audit   'pretty-format': [ '29.7.0', '27.5.1' ],
94 silly audit   '@jest/environment': [ '29.7.0' ],
94 silly audit   '@jest/expect': [ '29.7.0' ],
94 silly audit   '@jest/expect-utils': [ '29.7.0' ],
94 silly audit   '@jest/fake-timers': [ '29.7.0' ],
94 silly audit   '@jest/globals': [ '29.7.0' ],
94 silly audit   '@jest/reporters': [ '29.7.0' ],
94 silly audit   '@jest/schemas': [ '29.6.3' ],
94 silly audit   '@jest/source-map': [ '29.6.3' ],
94 silly audit   '@jest/test-result': [ '29.7.0' ],
94 silly audit   '@jest/test-sequencer': [ '29.7.0' ],
94 silly audit   '@jest/transform': [ '29.7.0' ],
94 silly audit   '@jest/types': [ '29.6.3' ],
94 silly audit   '@jridgewell/gen-mapping': [ '0.3.13' ],
94 silly audit   '@jridgewell/remapping': [ '2.3.5' ],
94 silly audit   '@jridgewell/resolve-uri': [ '3.1.2' ],
94 silly audit   '@jridgewell/sourcemap-codec': [ '1.5.5' ],
94 silly audit   '@next/env': [ '15.5.6' ],
94 silly audit   '@next/swc-darwin-arm64': [ '15.5.6' ],
94 silly audit   '@next/swc-darwin-x64': [ '15.5.6' ],
94 silly audit   '@next/swc-linux-arm64-gnu': [ '15.5.6' ],
94 silly audit   '@next/swc-linux-arm64-musl': [ '15.5.6' ],
94 silly audit   '@next/swc-linux-x64-gnu': [ '15.5.6' ],
94 silly audit   '@next/swc-linux-x64-musl': [ '15.5.6' ],
94 silly audit   '@next/swc-win32-arm64-msvc': [ '15.5.6' ],
94 silly audit   '@next/swc-win32-x64-msvc': [ '15.5.6' ],
94 silly audit   '@radix-ui/number': [ '1.1.0' ],
94 silly audit   '@radix-ui/primitive': [ '1.1.1' ],
94 silly audit   '@radix-ui/react-accordion': [ '1.2.2' ],
94 silly audit   '@radix-ui/react-alert-dialog': [ '1.1.4' ],
94 silly audit   '@radix-ui/react-arrow': [ '1.1.1' ],
94 silly audit   '@radix-ui/react-aspect-ratio': [ '1.1.1' ],
94 silly audit   '@radix-ui/react-avatar': [ '1.1.2' ],
94 silly audit   '@radix-ui/react-checkbox': [ '1.1.3' ],
94 silly audit   '@radix-ui/react-collapsible': [ '1.1.2' ],
94 silly audit   '@radix-ui/react-collection': [ '1.1.1' ],
94 silly audit   '@radix-ui/react-compose-refs': [ '1.1.1' ],
94 silly audit   '@radix-ui/react-context': [ '1.1.1' ],
94 silly audit   '@radix-ui/react-context-menu': [ '2.2.4' ],
94 silly audit   '@radix-ui/react-dialog': [ '1.1.4' ],
94 silly audit   '@radix-ui/react-direction': [ '1.1.0' ],
94 silly audit   '@radix-ui/react-dismissable-layer': [ '1.1.3' ],
94 silly audit   '@radix-ui/react-dropdown-menu': [ '2.1.4' ],
94 silly audit   '@radix-ui/react-focus-guards': [ '1.1.1' ],
94 silly audit   '@radix-ui/react-focus-scope': [ '1.1.1' ],
94 silly audit   '@radix-ui/react-hover-card': [ '1.1.4' ],
94 silly audit   '@radix-ui/react-id': [ '1.1.0' ],
94 silly audit   '@radix-ui/react-label': [ '2.1.1' ],
94 silly audit   '@radix-ui/react-menu': [ '2.1.4' ],
94 silly audit   '@radix-ui/react-menubar': [ '1.1.4' ],
94 silly audit   '@radix-ui/react-navigation-menu': [ '1.2.3' ],
94 silly audit   '@radix-ui/react-popover': [ '1.1.4' ],
94 silly audit   '@radix-ui/react-popper': [ '1.2.1' ],
94 silly audit   '@radix-ui/react-portal': [ '1.1.3' ],
94 silly audit   '@radix-ui/react-presence': [ '1.1.2' ],
94 silly audit   '@radix-ui/react-primitive': [ '2.0.1' ],
94 silly audit   '@radix-ui/react-progress': [ '1.1.1' ],
94 silly audit   '@radix-ui/react-radio-group': [ '1.2.2' ],
94 silly audit   '@radix-ui/react-roving-focus': [ '1.1.1' ],
94 silly audit   '@radix-ui/react-scroll-area': [ '1.2.2' ],
94 silly audit   '@radix-ui/react-select': [ '2.1.4' ],
94 silly audit   '@radix-ui/react-separator': [ '1.1.1' ],
94 silly audit   '@radix-ui/react-slider': [ '1.2.2' ],
94 silly audit   '@radix-ui/react-slot': [ '1.1.1' ],
94 silly audit   '@radix-ui/react-switch': [ '1.1.2' ],
94 silly audit   '@radix-ui/react-tabs': [ '1.1.2' ],
94 silly audit   '@radix-ui/react-toast': [ '1.2.4' ],
94 silly audit   '@radix-ui/react-toggle': [ '1.1.1' ],
94 silly audit   '@radix-ui/react-toggle-group': [ '1.1.1' ],
94 silly audit   '@radix-ui/react-tooltip': [ '1.1.6' ],
94 silly audit   '@radix-ui/react-use-callback-ref': [ '1.1.0' ],
94 silly audit   '@radix-ui/react-use-controllable-state': [ '1.1.0' ],
94 silly audit   '@radix-ui/react-use-escape-keydown': [ '1.1.0' ],
94 silly audit   '@radix-ui/react-use-layout-effect': [ '1.1.0' ],
94 silly audit   '@radix-ui/react-use-previous': [ '1.1.0' ],
94 silly audit   '@radix-ui/react-use-rect': [ '1.1.0' ],
94 silly audit   '@radix-ui/react-use-size': [ '1.1.0' ],
94 silly audit   '@radix-ui/react-visually-hidden': [ '1.1.1' ],
94 silly audit   '@radix-ui/rect': [ '1.1.0' ],
94 silly audit   '@sinclair/typebox': [ '0.27.8' ],
94 silly audit   '@sinonjs/commons': [ '3.0.1' ],
94 silly audit   '@sinonjs/fake-timers': [ '10.3.0' ],
94 silly audit   '@supabase/auth-js': [ '2.76.1' ],
94 silly audit   '@supabase/functions-js': [ '2.76.1' ],
94 silly audit   '@supabase/node-fetch': [ '2.6.15' ],
94 silly audit   '@supabase/postgrest-js': [ '2.76.1' ],
94 silly audit   '@supabase/realtime-js': [ '2.76.1' ],
94 silly audit   '@supabase/storage-js': [ '2.76.1' ],
94 silly audit   '@supabase/supabase-js': [ '2.76.1' ],
94 silly audit   '@swc/helpers': [ '0.5.15' ],
94 silly audit   '@tailwindcss/node': [ '4.1.14' ],
94 silly audit   '@tailwindcss/oxide': [ '4.1.14' ],
94 silly audit   '@tailwindcss/oxide-android-arm64': [ '4.1.14' ],
94 silly audit   '@tailwindcss/oxide-darwin-arm64': [ '4.1.14' ],
94 silly audit   '@tailwindcss/oxide-darwin-x64': [ '4.1.14' ],
94 silly audit   '@tailwindcss/oxide-freebsd-x64': [ '4.1.14' ],
94 silly audit   '@tailwindcss/oxide-linux-arm-gnueabihf': [ '4.1.14' ],
94 silly audit   '@tailwindcss/oxide-linux-arm64-gnu': [ '4.1.14' ],
94 silly audit   '@tailwindcss/oxide-linux-arm64-musl': [ '4.1.14' ],
94 silly audit   '@tailwindcss/oxide-linux-x64-gnu': [ '4.1.14' ],
94 silly audit   '@tailwindcss/oxide-linux-x64-musl': [ '4.1.14' ],
94 silly audit   '@tailwindcss/oxide-win32-arm64-msvc': [ '4.1.14' ],
94 silly audit   '@tailwindcss/oxide-win32-x64-msvc': [ '4.1.14' ],
94 silly audit   '@tailwindcss/postcss': [ '4.1.14' ],
94 silly audit   '@testing-library/dom': [ '10.4.1' ],
94 silly audit   '@testing-library/jest-dom': [ '6.9.1' ],
94 silly audit   'dom-accessibility-api': [ '0.6.3', '0.5.16' ],
94 silly audit   '@testing-library/react': [ '16.3.0' ],
94 silly audit   '@testing-library/user-event': [ '14.6.1' ],
94 silly audit   '@tootallnate/once': [ '2.0.0' ],
94 silly audit   '@tsconfig/node10': [ '1.0.11' ],
94 silly audit   '@tsconfig/node12': [ '1.0.11' ],
94 silly audit   '@tsconfig/node14': [ '1.0.3' ],
94 silly audit   '@tsconfig/node16': [ '1.0.4' ],
94 silly audit   '@types/aria-query': [ '5.0.4' ],
94 silly audit   '@types/babel__core': [ '7.20.5' ],
94 silly audit   '@types/babel__generator': [ '7.27.0' ],
94 silly audit   '@types/babel__template': [ '7.4.4' ],
94 silly audit   '@types/babel__traverse': [ '7.28.0' ],
94 silly audit   '@types/d3-array': [ '3.2.2' ],
94 silly audit   '@types/d3-color': [ '3.1.3' ],
94 silly audit   '@types/d3-ease': [ '3.0.2' ],
94 silly audit   '@types/d3-interpolate': [ '3.0.4' ],
94 silly audit   '@types/d3-path': [ '3.1.1' ],
94 silly audit   '@types/d3-scale': [ '4.0.9' ],
94 silly audit   '@types/d3-shape': [ '3.1.7' ],
94 silly audit   '@types/d3-time': [ '3.0.4' ],
94 silly audit   '@types/d3-timer': [ '3.0.2' ],
94 silly audit   '@types/graceful-fs': [ '4.1.9' ],
94 silly audit   '@types/istanbul-lib-coverage': [ '2.0.6' ],
94 silly audit   '@types/istanbul-lib-report': [ '3.0.3' ],
94 silly audit   '@types/istanbul-reports': [ '3.0.4' ],
94 silly audit   '@types/jest': [ '29.5.14' ],
94 silly audit   '@types/jsdom': [ '20.0.1' ],
94 silly audit   '@types/node': [ '22.18.11' ],
94 silly audit   '@types/phoenix': [ '1.6.6' ],
94 silly audit   '@types/react': [ '19.2.2' ],
94 silly audit   '@types/react-dom': [ '19.2.2' ],
94 silly audit   '@types/stack-utils': [ '2.0.3' ],
94 silly audit   '@types/tough-cookie': [ '4.0.5' ],
94 silly audit   '@types/ws': [ '8.18.1' ],
94 silly audit   '@types/yargs': [ '17.0.33' ],
94 silly audit   '@types/yargs-parser': [ '21.0.3' ],
94 silly audit   '@vercel/analytics': [ '1.3.1' ],
94 silly audit   abab: [ '2.0.6' ],
94 silly audit   acorn: [ '8.15.0' ],
94 silly audit   'acorn-globals': [ '7.0.1' ],
94 silly audit   'acorn-walk': [ '8.3.4' ],
94 silly audit   'agent-base': [ '6.0.2' ],
94 silly audit   'ansi-escapes': [ '4.3.2' ],
94 silly audit   'ansi-regex': [ '5.0.1' ],
94 silly audit   anymatch: [ '3.1.3' ],
94 silly audit   arg: [ '4.1.3' ],
94 silly audit   argparse: [ '1.0.10' ],
94 silly audit   'aria-hidden': [ '1.2.6' ],
94 silly audit   'aria-query': [ '5.3.0' ],
94 silly audit   asynckit: [ '0.4.0' ],
94 silly audit   autoprefixer: [ '10.4.21' ],
94 silly audit   'babel-jest': [ '29.7.0' ],
94 silly audit   'babel-plugin-istanbul': [ '6.1.1' ],
94 silly audit   'istanbul-lib-instrument': [ '5.2.1', '6.0.3' ],
94 silly audit   'babel-plugin-jest-hoist': [ '29.6.3' ],
94 silly audit   'babel-preset-current-node-syntax': [ '1.2.0' ],
94 silly audit   'babel-preset-jest': [ '29.6.3' ],
94 silly audit   'balanced-match': [ '1.0.2' ],
94 silly audit   'baseline-browser-mapping': [ '2.8.18' ],
94 silly audit   'brace-expansion': [ '1.1.12' ],
94 silly audit   braces: [ '3.0.3' ],
94 silly audit   browserslist: [ '4.26.3' ],
94 silly audit   'bs-logger': [ '0.2.6' ],
94 silly audit   bser: [ '2.1.1' ],
94 silly audit   'buffer-from': [ '1.1.2' ],
94 silly audit   'call-bind-apply-helpers': [ '1.0.2' ],
94 silly audit   callsites: [ '3.1.0' ],
94 silly audit   camelcase: [ '5.3.1', '6.3.0' ],
94 silly audit   'caniuse-lite': [ '1.0.30001751' ],
94 silly audit   chalk: [ '4.1.2' ],
94 silly audit   'char-regex': [ '1.0.2' ],
94 silly audit   chownr: [ '3.0.0' ],
94 silly audit   'ci-info': [ '3.9.0' ],
94 silly audit   'cjs-module-lexer': [ '1.4.3' ],
94 silly audit   'class-variance-authority': [ '0.7.1' ],
94 silly audit   'client-only': [ '0.0.1' ],
94 silly audit   cliui: [ '8.0.1' ],
94 silly audit   clsx: [ '2.1.1' ],
94 silly audit   cmdk: [ '1.0.4' ],
94 silly audit   co: [ '4.6.0' ],
94 silly audit   'collect-v8-coverage': [ '1.0.3' ],
94 silly audit   'color-convert': [ '2.0.1' ],
94 silly audit   'color-name': [ '1.1.4' ],
94 silly audit   'combined-stream': [ '1.0.8' ],
94 silly audit   'concat-map': [ '0.0.1' ],
94 silly audit   'convert-source-map': [ '2.0.0' ],
94 silly audit   'create-jest': [ '29.7.0' ],
94 silly audit   'create-require': [ '1.1.1' ],
94 silly audit   'cross-spawn': [ '7.0.6' ],
94 silly audit   'css.escape': [ '1.5.1' ],
94 silly audit   cssom: [ '0.5.0', '0.3.8' ],
94 silly audit   cssstyle: [ '2.3.0' ],
94 silly audit   csstype: [ '3.1.3' ],
94 silly audit   'd3-array': [ '3.2.4' ],
94 silly audit   'd3-color': [ '3.1.0' ],
94 silly audit   'd3-ease': [ '3.0.1' ],
94 silly audit   'd3-format': [ '3.1.0' ],
94 silly audit   'd3-interpolate': [ '3.0.1' ],
94 silly audit   'd3-path': [ '3.1.0' ],
94 silly audit   'd3-scale': [ '4.0.2' ],
94 silly audit   'd3-shape': [ '3.2.0' ],
94 silly audit   'd3-time': [ '3.1.0' ],
94 silly audit   'd3-time-format': [ '4.1.0' ],
94 silly audit   'd3-timer': [ '3.0.1' ],
94 silly audit   'data-urls': [ '3.0.2' ],
94 silly audit   tr46: [ '3.0.0', '0.0.3' ],
94 silly audit   'whatwg-url': [ '11.0.0', '5.0.0' ],
94 silly audit   'date-fns': [ '3.6.0', '4.1.0' ],
94 silly audit   'date-fns-jalali': [ '4.1.0-0' ],
94 silly audit   debug: [ '4.4.3' ],
94 silly audit   'decimal.js': [ '10.6.0' ],
94 silly audit   'decimal.js-light': [ '2.5.1' ],
94 silly audit   dedent: [ '1.7.0' ],
94 silly audit   deepmerge: [ '4.3.1' ],
94 silly audit   'delayed-stream': [ '1.0.0' ],
94 silly audit   dequal: [ '2.0.3' ],
94 silly audit   'detect-libc': [ '2.1.2' ],
94 silly audit   'detect-newline': [ '3.1.0' ],
94 silly audit   'detect-node-es': [ '1.1.0' ],
94 silly audit   diff: [ '4.0.2' ],
94 silly audit   'diff-sequences': [ '29.6.3' ],
94 silly audit   'dom-helpers': [ '5.2.1' ],
94 silly audit   domexception: [ '4.0.0' ],
94 silly audit   'dunder-proto': [ '1.0.1' ],
94 silly audit   'electron-to-chromium': [ '1.5.237' ],
94 silly audit   'embla-carousel': [ '8.5.1' ],
94 silly audit   'embla-carousel-react': [ '8.5.1' ],
94 silly audit   'embla-carousel-reactive-utils': [ '8.5.1' ],
94 silly audit   emittery: [ '0.13.1' ],
94 silly audit   'emoji-regex': [ '8.0.0' ],
94 silly audit   'enhanced-resolve': [ '5.18.3' ],
94 silly audit   entities: [ '6.0.1' ],
94 silly audit   'error-ex': [ '1.3.4' ],
94 silly audit   'is-arrayish': [ '0.2.1' ],
94 silly audit   'es-define-property': [ '1.0.1' ],
94 silly audit   'es-errors': [ '1.3.0' ],
94 silly audit   'es-object-atoms': [ '1.1.1' ],
94 silly audit   'es-set-tostringtag': [ '2.1.0' ],
94 silly audit   escalade: [ '3.2.0' ],
94 silly audit   'escape-string-regexp': [ '2.0.0' ],
94 silly audit   escodegen: [ '2.1.0' ],
94 silly audit   esprima: [ '4.0.1' ],
94 silly audit   estraverse: [ '5.3.0' ],
94 silly audit   esutils: [ '2.0.3' ],
94 silly audit   eventemitter3: [ '4.0.7' ],
94 silly audit   execa: [ '5.1.1' ],
94 silly audit   exit: [ '0.1.2' ],
94 silly audit   expect: [ '29.7.0' ],
94 silly audit   'fast-equals': [ '5.3.2' ],
94 silly audit   'fast-json-stable-stringify': [ '2.1.0' ],
94 silly audit   'fb-watchman': [ '2.0.2' ],
94 silly audit   'fill-range': [ '7.1.1' ],
94 silly audit   'find-up': [ '4.1.0' ],
94 silly audit   'form-data': [ '4.0.4' ],
94 silly audit   'fraction.js': [ '4.3.7' ],
94 silly audit   'framer-motion': [ '12.23.24' ],
94 silly audit   'fs.realpath': [ '1.0.0' ],
94 silly audit   fsevents: [ '2.3.3' ],
94 silly audit   'function-bind': [ '1.1.2' ],
94 silly audit   gensync: [ '1.0.0-beta.2' ],
94 silly audit   'get-caller-file': [ '2.0.5' ],
94 silly audit   'get-intrinsic': [ '1.3.0' ],
94 silly audit   'get-nonce': [ '1.0.1' ],
94 silly audit   'get-package-type': [ '0.1.0' ],
94 silly audit   'get-proto': [ '1.0.1' ],
94 silly audit   'get-stream': [ '6.0.1' ],
94 silly audit   glob: [ '7.2.3' ],
94 silly audit   gopd: [ '1.2.0' ],
94 silly audit   'graceful-fs': [ '4.2.11' ],
94 silly audit   handlebars: [ '4.7.8' ],
94 silly audit   'has-flag': [ '4.0.0' ],
94 silly audit   'has-symbols': [ '1.1.0' ],
94 silly audit   'has-tostringtag': [ '1.0.2' ],
94 silly audit   hasown: [ '2.0.2' ],
94 silly audit   'html-encoding-sniffer': [ '3.0.0' ],
94 silly audit   'html-escaper': [ '2.0.2' ],
94 silly audit   'http-proxy-agent': [ '5.0.0' ],
94 silly audit   'https-proxy-agent': [ '5.0.1' ],
94 silly audit   'human-signals': [ '2.1.0' ],
94 silly audit   'iconv-lite': [ '0.6.3' ],
94 silly audit   'import-local': [ '3.2.0' ],
94 silly audit   imurmurhash: [ '0.1.4' ],
94 silly audit   'indent-string': [ '4.0.0' ],
94 silly audit   inflight: [ '1.0.6' ],
94 silly audit   inherits: [ '2.0.4' ],
94 silly audit   'input-otp': [ '1.4.1' ],
94 silly audit   internmap: [ '2.0.3' ],
94 silly audit   'is-core-module': [ '2.16.1' ],
94 silly audit   'is-fullwidth-code-point': [ '3.0.0' ],
94 silly audit   'is-generator-fn': [ '2.1.0' ],
94 silly audit   'is-number': [ '7.0.0' ],
94 silly audit   'is-potential-custom-element-name': [ '1.0.1' ],
94 silly audit   'is-stream': [ '2.0.1' ],
94 silly audit   isexe: [ '2.0.0' ],
94 silly audit   'istanbul-lib-coverage': [ '3.2.2' ],
94 silly audit   'istanbul-lib-report': [ '3.0.1' ],
94 silly audit   'istanbul-lib-source-maps': [ '4.0.1' ],
94 silly audit   'istanbul-reports': [ '3.2.0' ],
94 silly audit   jest: [ '29.7.0' ],
94 silly audit   'jest-changed-files': [ '29.7.0' ],
94 silly audit   'jest-circus': [ '29.7.0' ],
94 silly audit   'jest-cli': [ '29.7.0' ],
94 silly audit   'jest-diff': [ '29.7.0' ],
94 silly audit   'jest-docblock': [ '29.7.0' ],
94 silly audit   'jest-each': [ '29.7.0' ],
94 silly audit   'jest-environment-jsdom': [ '29.7.0' ],
94 silly audit   'jest-environment-node': [ '29.7.0' ],
94 silly audit   'jest-get-type': [ '29.6.3' ],
94 silly audit   'jest-haste-map': [ '29.7.0' ],
94 silly audit   'jest-leak-detector': [ '29.7.0' ],
94 silly audit   'jest-matcher-utils': [ '29.7.0' ],
94 silly audit   'jest-message-util': [ '29.7.0' ],
94 silly audit   'jest-mock': [ '29.7.0' ],
94 silly audit   'jest-pnp-resolver': [ '1.2.3' ],
94 silly audit   'jest-regex-util': [ '29.6.3' ],
94 silly audit   'jest-resolve': [ '29.7.0' ],
94 silly audit   'jest-resolve-dependencies': [ '29.7.0' ],
94 silly audit   'jest-runner': [ '29.7.0' ],
94 silly audit   'jest-runtime': [ '29.7.0' ],
94 silly audit   'jest-snapshot': [ '29.7.0' ],
94 silly audit   'jest-util': [ '29.7.0' ],
94 silly audit   'jest-validate': [ '29.7.0' ],
94 silly audit   'jest-watcher': [ '29.7.0' ],
94 silly audit   'jest-worker': [ '29.7.0' ],
94 silly audit   'supports-color': [ '8.1.1', '7.2.0' ],
94 silly audit   jiti: [ '2.6.1' ],
94 silly audit   'js-tokens': [ '4.0.0' ],
94 silly audit   'js-yaml': [ '3.14.1' ],
94 silly audit   jsdom: [ '20.0.3' ],
94 silly audit   jsesc: [ '3.1.0' ],
94 silly audit   'json-parse-even-better-errors': [ '2.3.1' ],
94 silly audit   json5: [ '2.2.3' ],
94 silly audit   kleur: [ '3.0.3' ],
94 silly audit   leven: [ '3.1.0' ],
94 silly audit   lightningcss: [ '1.30.1' ],
94 silly audit   'lightningcss-darwin-arm64': [ '1.30.1' ],
94 silly audit   'lightningcss-darwin-x64': [ '1.30.1' ],
94 silly audit   'lightningcss-freebsd-x64': [ '1.30.1' ],
94 silly audit   'lightningcss-linux-arm-gnueabihf': [ '1.30.1' ],
94 silly audit   'lightningcss-linux-arm64-gnu': [ '1.30.1' ],
94 silly audit   'lightningcss-linux-arm64-musl': [ '1.30.1' ],
94 silly audit   'lightningcss-linux-x64-gnu': [ '1.30.1' ],
94 silly audit   'lightningcss-linux-x64-musl': [ '1.30.1' ],
94 silly audit   'lightningcss-win32-arm64-msvc': [ '1.30.1' ],
94 silly audit   'lightningcss-win32-x64-msvc': [ '1.30.1' ],
94 silly audit   'lines-and-columns': [ '1.2.4' ],
94 silly audit   'locate-path': [ '5.0.0' ],
94 silly audit   lodash: [ '4.17.21' ],
94 silly audit   'lodash.memoize': [ '4.1.2' ],
94 silly audit   'loose-envify': [ '1.4.0' ],
94 silly audit   'lru-cache': [ '5.1.1' ],
94 silly audit   yallist: [ '3.1.1', '5.0.0' ],
94 silly audit   'lucide-react': [ '0.454.0' ],
94 silly audit   'lz-string': [ '1.5.0' ],
94 silly audit   'magic-string': [ '0.30.19' ],
94 silly audit   'make-dir': [ '4.0.0' ],
94 silly audit   'make-error': [ '1.3.6' ],
94 silly audit   makeerror: [ '1.0.12' ],
94 silly audit   'math-intrinsics': [ '1.1.0' ],
94 silly audit   'merge-stream': [ '2.0.0' ],
94 silly audit   micromatch: [ '4.0.8' ],
94 silly audit   'mime-db': [ '1.52.0' ],
94 silly audit   'mime-types': [ '2.1.35' ],
94 silly audit   'mimic-fn': [ '2.1.0' ],
94 silly audit   'min-indent': [ '1.0.1' ],
94 silly audit   minimatch: [ '3.1.2' ],
94 silly audit   minimist: [ '1.2.8' ],
94 silly audit   minipass: [ '7.1.2' ],
94 silly audit   minizlib: [ '3.1.0' ],
94 silly audit   'motion-dom': [ '12.23.23' ],
94 silly audit   'motion-utils': [ '12.23.6' ],
94 silly audit   ms: [ '2.1.3' ],
94 silly audit   nanoid: [ '3.3.11' ],
94 silly audit   'natural-compare': [ '1.4.0' ],
94 silly audit   'neo-async': [ '2.6.2' ],
94 silly audit   next: [ '15.5.6' ],
94 silly audit   'next-themes': [ '0.4.6' ],
94 silly audit   postcss: [ '8.4.31', '8.5.6' ],
94 silly audit   'node-int64': [ '0.4.0' ],
94 silly audit   'node-releases': [ '2.0.25' ],
94 silly audit   'normalize-path': [ '3.0.0' ],
94 silly audit   'normalize-range': [ '0.1.2' ],
94 silly audit   'npm-run-path': [ '4.0.1' ],
94 silly audit   nwsapi: [ '2.2.22' ],
94 silly audit   'object-assign': [ '4.1.1' ],
94 silly audit   once: [ '1.4.0' ],
94 silly audit   onetime: [ '5.1.2' ],
94 silly audit   'p-limit': [ '3.1.0', '2.3.0' ],
94 silly audit   'p-locate': [ '4.1.0' ],
94 silly audit   'p-try': [ '2.2.0' ],
94 silly audit   'parse-json': [ '5.2.0' ],
94 silly audit   parse5: [ '7.3.0' ],
94 silly audit   'path-exists': [ '4.0.0' ],
94 silly audit   'path-is-absolute': [ '1.0.1' ],
94 silly audit   'path-key': [ '3.1.1' ],
94 silly audit   'path-parse': [ '1.0.7' ],
94 silly audit   picocolors: [ '1.1.1' ],
94 silly audit   picomatch: [ '2.3.1' ],
94 silly audit   pirates: [ '4.0.7' ],
94 silly audit   'pkg-dir': [ '4.2.0' ],
94 silly audit   'postcss-value-parser': [ '4.2.0' ],
94 silly audit   'react-is': [ '17.0.2', '16.13.1', '18.3.1' ],
94 silly audit   prompts: [ '2.4.2' ],
94 silly audit   'prop-types': [ '15.8.1' ],
94 silly audit   psl: [ '1.15.0' ],
94 silly audit   punycode: [ '2.3.1' ],
94 silly audit   'pure-rand': [ '6.1.0' ],
94 silly audit   querystringify: [ '2.2.0' ],
94 silly audit   react: [ '19.2.0' ],
94 silly audit   'react-day-picker': [ '9.8.0' ],
94 silly audit   'react-dom': [ '19.2.0' ],
94 silly audit   'react-hook-form': [ '7.65.0' ],
94 silly audit   'react-remove-scroll': [ '2.7.1' ],
94 silly audit   'react-remove-scroll-bar': [ '2.3.8' ],
94 silly audit   'react-resizable-panels': [ '2.1.9' ],
94 silly audit   'react-smooth': [ '4.0.4' ],
94 silly audit   'react-style-singleton': [ '2.2.3' ],
94 silly audit   'react-transition-group': [ '4.4.5' ],
94 silly audit   recharts: [ '2.15.4' ],
94 silly audit   'recharts-scale': [ '0.4.5' ],
94 silly audit   redent: [ '3.0.0' ],
94 silly audit   'require-directory': [ '2.1.1' ],
94 silly audit   'requires-port': [ '1.0.0' ],
94 silly audit   resolve: [ '1.22.11' ],
94 silly audit   'resolve-cwd': [ '3.0.0' ],
94 silly audit   'resolve-from': [ '5.0.0' ],
94 silly audit   'resolve.exports': [ '2.0.3' ],
94 silly audit   'safer-buffer': [ '2.1.2' ],
94 silly audit   saxes: [ '6.0.0' ],
94 silly audit   scheduler: [ '0.27.0' ],
94 silly audit   'server-only': [ '0.0.1' ],
94 silly audit   sharp: [ '0.34.4' ],
94 silly audit   'shebang-command': [ '2.0.0' ],
94 silly audit   'shebang-regex': [ '3.0.0' ],
94 silly audit   'signal-exit': [ '3.0.7' ],
94 silly audit   sisteransi: [ '1.0.5' ],
94 silly audit   slash: [ '3.0.0' ],
94 silly audit   sonner: [ '1.7.4' ],
94 silly audit   'source-map': [ '0.6.1' ],
94 silly audit   'source-map-js': [ '1.2.1' ],
94 silly audit   'source-map-support': [ '0.5.13' ],
94 silly audit   'sprintf-js': [ '1.0.3' ],
94 silly audit   'stack-utils': [ '2.0.6' ],
94 silly audit   'string-length': [ '4.0.2' ],
94 silly audit   'string-width': [ '4.2.3' ],
94 silly audit   'strip-ansi': [ '6.0.1' ],
94 silly audit   'strip-bom': [ '4.0.0', '3.0.0' ],
94 silly audit   'strip-final-newline': [ '2.0.0' ],
94 silly audit   'strip-indent': [ '3.0.0' ],
94 silly audit   'strip-json-comments': [ '3.1.1' ],
94 silly audit   'styled-jsx': [ '5.1.6' ],
94 silly audit   'supports-preserve-symlinks-flag': [ '1.0.0' ],
94 silly audit   swr: [ '2.3.6' ],
94 silly audit   'symbol-tree': [ '3.2.4' ],
94 silly audit   'tailwind-merge': [ '2.6.0' ],
94 silly audit   tailwindcss: [ '4.1.14' ],
94 silly audit   'tailwindcss-animate': [ '1.0.7' ],
94 silly audit   tapable: [ '2.3.0' ],
94 silly audit   tar: [ '7.5.1' ],
94 silly audit   'test-exclude': [ '6.0.0' ],
94 silly audit   'tiny-invariant': [ '1.3.3' ],
94 silly audit   tmpl: [ '1.0.5' ],
94 silly audit   'to-regex-range': [ '5.0.1' ],
94 silly audit   'tough-cookie': [ '4.1.4' ],
94 silly audit   'ts-jest': [ '29.4.5' ],
94 silly audit   'type-fest': [ '4.41.0', '0.21.3' ],
94 silly audit   'ts-node': [ '10.9.2' ],
94 silly audit   'tsconfig-paths': [ '4.2.0' ],
94 silly audit   tslib: [ '2.8.1' ],
94 silly audit   'tw-animate-css': [ '1.3.3' ],
94 silly audit   'type-detect': [ '4.0.8' ],
94 silly audit   typescript: [ '5.9.3' ],
94 silly audit   'uglify-js': [ '3.19.3' ],
94 silly audit   'undici-types': [ '6.21.0' ],
94 silly audit   universalify: [ '0.2.0' ],
94 silly audit   'update-browserslist-db': [ '1.1.3' ],
94 silly audit   'url-parse': [ '1.5.10' ],
94 silly audit   'use-callback-ref': [ '1.3.3' ],
94 silly audit   'use-sidecar': [ '1.1.3' ],
94 silly audit   'use-sync-external-store': [ '1.6.0' ],
94 silly audit   'v8-compile-cache-lib': [ '3.0.1' ],
94 silly audit   'v8-to-istanbul': [ '9.3.0' ],
94 silly audit   vaul: [ '1.1.2' ],
94 silly audit   'victory-vendor': [ '36.9.2' ],
94 silly audit   'w3c-xmlserializer': [ '4.0.0' ],
94 silly audit   walker: [ '1.0.8' ],
94 silly audit   'webidl-conversions': [ '7.0.0', '3.0.1' ],
94 silly audit   'whatwg-encoding': [ '2.0.0' ],
94 silly audit   'whatwg-mimetype': [ '3.0.0' ],
94 silly audit   which: [ '2.0.2' ],
94 silly audit   wordwrap: [ '1.0.0' ],
94 silly audit   'wrap-ansi': [ '7.0.0' ],
94 silly audit   wrappy: [ '1.0.2' ],
94 silly audit   'write-file-atomic': [ '4.0.2' ],
94 silly audit   ws: [ '8.18.3' ],
94 silly audit   'xml-name-validator': [ '4.0.0' ],
94 silly audit   xmlchars: [ '2.2.0' ],
94 silly audit   y18n: [ '5.0.8' ],
94 silly audit   yargs: [ '17.7.2' ],
94 silly audit   'yargs-parser': [ '21.1.1' ],
94 silly audit   yn: [ '3.1.1' ],
94 silly audit   'yocto-queue': [ '0.1.0' ],
94 silly audit   zod: [ '3.25.76' ],
94 silly audit   'html5-qrcode': [ '2.3.8' ],
94 silly audit   '@tailwindcss/oxide-wasm32-wasi': [ '4.1.14' ]
94 silly audit }
95 verbose reify failed optional dependency /Users/xspark3/ASM & HRMS/XSpark_HRMS/node_modules/lightningcss-win32-x64-msvc
96 silly reify mark deleted [
96 silly reify   '/Users/xspark3/ASM & HRMS/XSpark_HRMS/node_modules/lightningcss-win32-x64-msvc'
96 silly reify ]
97 verbose reify failed optional dependency /Users/xspark3/ASM & HRMS/XSpark_HRMS/node_modules/lightningcss-win32-arm64-msvc
98 silly reify mark deleted [
98 silly reify   '/Users/xspark3/ASM & HRMS/XSpark_HRMS/node_modules/lightningcss-win32-arm64-msvc'
98 silly reify ]
99 verbose reify failed optional dependency /Users/xspark3/ASM & HRMS/XSpark_HRMS/node_modules/lightningcss-linux-x64-musl
100 silly reify mark deleted [
100 silly reify   '/Users/xspark3/ASM & HRMS/XSpark_HRMS/node_modules/lightningcss-linux-x64-musl'
100 silly reify ]
101 verbose reify failed optional dependency /Users/xspark3/ASM & HRMS/XSpark_HRMS/node_modules/lightningcss-linux-x64-gnu
102 silly reify mark deleted [
102 silly reify   '/Users/xspark3/ASM & HRMS/XSpark_HRMS/node_modules/lightningcss-linux-x64-gnu'
102 silly reify ]
103 verbose reify failed optional dependency /Users/xspark3/ASM & HRMS/XSpark_HRMS/node_modules/lightningcss-linux-arm64-musl
104 silly reify mark deleted [
104 silly reify   '/Users/xspark3/ASM & HRMS/XSpark_HRMS/node_modules/lightningcss-linux-arm64-musl'
104 silly reify ]
105 verbose reify failed optional dependency /Users/xspark3/ASM & HRMS/XSpark_HRMS/node_modules/lightningcss-linux-arm64-gnu
106 silly reify mark deleted [
106 silly reify   '/Users/xspark3/ASM & HRMS/XSpark_HRMS/node_modules/lightningcss-linux-arm64-gnu'
106 silly reify ]
107 verbose reify failed optional dependency /Users/xspark3/ASM & HRMS/XSpark_HRMS/node_modules/lightningcss-linux-arm-gnueabihf
108 silly reify mark deleted [
108 silly reify   '/Users/xspark3/ASM & HRMS/XSpark_HRMS/node_modules/lightningcss-linux-arm-gnueabihf'
108 silly reify ]
109 verbose reify failed optional dependency /Users/xspark3/ASM & HRMS/XSpark_HRMS/node_modules/lightningcss-freebsd-x64
110 silly reify mark deleted [
110 silly reify   '/Users/xspark3/ASM & HRMS/XSpark_HRMS/node_modules/lightningcss-freebsd-x64'
110 silly reify ]
111 verbose reify failed optional dependency /Users/xspark3/ASM & HRMS/XSpark_HRMS/node_modules/lightningcss-darwin-arm64
112 silly reify mark deleted [
112 silly reify   '/Users/xspark3/ASM & HRMS/XSpark_HRMS/node_modules/lightningcss-darwin-arm64'
112 silly reify ]
113 verbose reify failed optional dependency /Users/xspark3/ASM & HRMS/XSpark_HRMS/node_modules/@tailwindcss/oxide-win32-x64-msvc
114 silly reify mark deleted [
114 silly reify   '/Users/xspark3/ASM & HRMS/XSpark_HRMS/node_modules/@tailwindcss/oxide-win32-x64-msvc'
114 silly reify ]
115 verbose reify failed optional dependency /Users/xspark3/ASM & HRMS/XSpark_HRMS/node_modules/@tailwindcss/oxide-win32-arm64-msvc
116 silly reify mark deleted [
116 silly reify   '/Users/xspark3/ASM & HRMS/XSpark_HRMS/node_modules/@tailwindcss/oxide-win32-arm64-msvc'
116 silly reify ]
117 verbose reify failed optional dependency /Users/xspark3/ASM & HRMS/XSpark_HRMS/node_modules/@tailwindcss/oxide-linux-x64-musl
118 silly reify mark deleted [
118 silly reify   '/Users/xspark3/ASM & HRMS/XSpark_HRMS/node_modules/@tailwindcss/oxide-linux-x64-musl'
118 silly reify ]
119 verbose reify failed optional dependency /Users/xspark3/ASM & HRMS/XSpark_HRMS/node_modules/@tailwindcss/oxide-linux-x64-gnu
120 silly reify mark deleted [
120 silly reify   '/Users/xspark3/ASM & HRMS/XSpark_HRMS/node_modules/@tailwindcss/oxide-linux-x64-gnu'
120 silly reify ]
121 verbose reify failed optional dependency /Users/xspark3/ASM & HRMS/XSpark_HRMS/node_modules/@tailwindcss/oxide-linux-arm64-musl
122 silly reify mark deleted [
122 silly reify   '/Users/xspark3/ASM & HRMS/XSpark_HRMS/node_modules/@tailwindcss/oxide-linux-arm64-musl'
122 silly reify ]
123 verbose reify failed optional dependency /Users/xspark3/ASM & HRMS/XSpark_HRMS/node_modules/@tailwindcss/oxide-linux-arm64-gnu
124 silly reify mark deleted [
124 silly reify   '/Users/xspark3/ASM & HRMS/XSpark_HRMS/node_modules/@tailwindcss/oxide-linux-arm64-gnu'
124 silly reify ]
125 verbose reify failed optional dependency /Users/xspark3/ASM & HRMS/XSpark_HRMS/node_modules/@tailwindcss/oxide-linux-arm-gnueabihf
126 silly reify mark deleted [
126 silly reify   '/Users/xspark3/ASM & HRMS/XSpark_HRMS/node_modules/@tailwindcss/oxide-linux-arm-gnueabihf'
126 silly reify ]
127 verbose reify failed optional dependency /Users/xspark3/ASM & HRMS/XSpark_HRMS/node_modules/@tailwindcss/oxide-freebsd-x64
128 silly reify mark deleted [
128 silly reify   '/Users/xspark3/ASM & HRMS/XSpark_HRMS/node_modules/@tailwindcss/oxide-freebsd-x64'
128 silly reify ]
129 verbose reify failed optional dependency /Users/xspark3/ASM & HRMS/XSpark_HRMS/node_modules/@tailwindcss/oxide-darwin-arm64
130 silly reify mark deleted [
130 silly reify   '/Users/xspark3/ASM & HRMS/XSpark_HRMS/node_modules/@tailwindcss/oxide-darwin-arm64'
130 silly reify ]
131 verbose reify failed optional dependency /Users/xspark3/ASM & HRMS/XSpark_HRMS/node_modules/@tailwindcss/oxide-android-arm64
132 silly reify mark deleted [
132 silly reify   '/Users/xspark3/ASM & HRMS/XSpark_HRMS/node_modules/@tailwindcss/oxide-android-arm64'
132 silly reify ]
133 verbose reify failed optional dependency /Users/xspark3/ASM & HRMS/XSpark_HRMS/node_modules/@next/swc-win32-x64-msvc
134 silly reify mark deleted [
134 silly reify   '/Users/xspark3/ASM & HRMS/XSpark_HRMS/node_modules/@next/swc-win32-x64-msvc'
134 silly reify ]
135 verbose reify failed optional dependency /Users/xspark3/ASM & HRMS/XSpark_HRMS/node_modules/@next/swc-win32-arm64-msvc
136 silly reify mark deleted [
136 silly reify   '/Users/xspark3/ASM & HRMS/XSpark_HRMS/node_modules/@next/swc-win32-arm64-msvc'
136 silly reify ]
137 verbose reify failed optional dependency /Users/xspark3/ASM & HRMS/XSpark_HRMS/node_modules/@next/swc-linux-x64-musl
138 silly reify mark deleted [
138 silly reify   '/Users/xspark3/ASM & HRMS/XSpark_HRMS/node_modules/@next/swc-linux-x64-musl'
138 silly reify ]
139 verbose reify failed optional dependency /Users/xspark3/ASM & HRMS/XSpark_HRMS/node_modules/@next/swc-linux-x64-gnu
140 silly reify mark deleted [
140 silly reify   '/Users/xspark3/ASM & HRMS/XSpark_HRMS/node_modules/@next/swc-linux-x64-gnu'
140 silly reify ]
141 verbose reify failed optional dependency /Users/xspark3/ASM & HRMS/XSpark_HRMS/node_modules/@next/swc-linux-arm64-musl
142 silly reify mark deleted [
142 silly reify   '/Users/xspark3/ASM & HRMS/XSpark_HRMS/node_modules/@next/swc-linux-arm64-musl'
142 silly reify ]
143 verbose reify failed optional dependency /Users/xspark3/ASM & HRMS/XSpark_HRMS/node_modules/@next/swc-linux-arm64-gnu
144 silly reify mark deleted [
144 silly reify   '/Users/xspark3/ASM & HRMS/XSpark_HRMS/node_modules/@next/swc-linux-arm64-gnu'
144 silly reify ]
145 verbose reify failed optional dependency /Users/xspark3/ASM & HRMS/XSpark_HRMS/node_modules/@next/swc-darwin-arm64
146 silly reify mark deleted [
146 silly reify   '/Users/xspark3/ASM & HRMS/XSpark_HRMS/node_modules/@next/swc-darwin-arm64'
146 silly reify ]
147 verbose reify failed optional dependency /Users/xspark3/ASM & HRMS/XSpark_HRMS/node_modules/@img/sharp-win32-x64
148 silly reify mark deleted [
148 silly reify   '/Users/xspark3/ASM & HRMS/XSpark_HRMS/node_modules/@img/sharp-win32-x64'
148 silly reify ]
149 verbose reify failed optional dependency /Users/xspark3/ASM & HRMS/XSpark_HRMS/node_modules/@img/sharp-win32-ia32
150 silly reify mark deleted [
150 silly reify   '/Users/xspark3/ASM & HRMS/XSpark_HRMS/node_modules/@img/sharp-win32-ia32'
150 silly reify ]
151 verbose reify failed optional dependency /Users/xspark3/ASM & HRMS/XSpark_HRMS/node_modules/@img/sharp-win32-arm64
152 silly reify mark deleted [
152 silly reify   '/Users/xspark3/ASM & HRMS/XSpark_HRMS/node_modules/@img/sharp-win32-arm64'
152 silly reify ]
153 verbose reify failed optional dependency /Users/xspark3/ASM & HRMS/XSpark_HRMS/node_modules/@img/sharp-wasm32
154 silly reify mark deleted [
154 silly reify   '/Users/xspark3/ASM & HRMS/XSpark_HRMS/node_modules/@img/sharp-wasm32'
154 silly reify ]
155 verbose reify failed optional dependency /Users/xspark3/ASM & HRMS/XSpark_HRMS/node_modules/@img/sharp-linuxmusl-x64
156 silly reify mark deleted [
156 silly reify   '/Users/xspark3/ASM & HRMS/XSpark_HRMS/node_modules/@img/sharp-linuxmusl-x64'
156 silly reify ]
157 verbose reify failed optional dependency /Users/xspark3/ASM & HRMS/XSpark_HRMS/node_modules/@img/sharp-linuxmusl-arm64
158 silly reify mark deleted [
158 silly reify   '/Users/xspark3/ASM & HRMS/XSpark_HRMS/node_modules/@img/sharp-linuxmusl-arm64'
158 silly reify ]
159 verbose reify failed optional dependency /Users/xspark3/ASM & HRMS/XSpark_HRMS/node_modules/@img/sharp-linux-x64
160 silly reify mark deleted [
160 silly reify   '/Users/xspark3/ASM & HRMS/XSpark_HRMS/node_modules/@img/sharp-linux-x64'
160 silly reify ]
161 verbose reify failed optional dependency /Users/xspark3/ASM & HRMS/XSpark_HRMS/node_modules/@img/sharp-linux-s390x
162 silly reify mark deleted [
162 silly reify   '/Users/xspark3/ASM & HRMS/XSpark_HRMS/node_modules/@img/sharp-linux-s390x'
162 silly reify ]
163 verbose reify failed optional dependency /Users/xspark3/ASM & HRMS/XSpark_HRMS/node_modules/@img/sharp-linux-ppc64
164 silly reify mark deleted [
164 silly reify   '/Users/xspark3/ASM & HRMS/XSpark_HRMS/node_modules/@img/sharp-linux-ppc64'
164 silly reify ]
165 verbose reify failed optional dependency /Users/xspark3/ASM & HRMS/XSpark_HRMS/node_modules/@img/sharp-linux-arm64
166 silly reify mark deleted [
166 silly reify   '/Users/xspark3/ASM & HRMS/XSpark_HRMS/node_modules/@img/sharp-linux-arm64'
166 silly reify ]
167 verbose reify failed optional dependency /Users/xspark3/ASM & HRMS/XSpark_HRMS/node_modules/@img/sharp-linux-arm
168 silly reify mark deleted [
168 silly reify   '/Users/xspark3/ASM & HRMS/XSpark_HRMS/node_modules/@img/sharp-linux-arm'
168 silly reify ]
169 verbose reify failed optional dependency /Users/xspark3/ASM & HRMS/XSpark_HRMS/node_modules/@img/sharp-libvips-linuxmusl-x64
170 silly reify mark deleted [
170 silly reify   '/Users/xspark3/ASM & HRMS/XSpark_HRMS/node_modules/@img/sharp-libvips-linuxmusl-x64'
170 silly reify ]
171 verbose reify failed optional dependency /Users/xspark3/ASM & HRMS/XSpark_HRMS/node_modules/@img/sharp-libvips-linuxmusl-arm64
172 silly reify mark deleted [
172 silly reify   '/Users/xspark3/ASM & HRMS/XSpark_HRMS/node_modules/@img/sharp-libvips-linuxmusl-arm64'
172 silly reify ]
173 verbose reify failed optional dependency /Users/xspark3/ASM & HRMS/XSpark_HRMS/node_modules/@img/sharp-libvips-linux-x64
174 silly reify mark deleted [
174 silly reify   '/Users/xspark3/ASM & HRMS/XSpark_HRMS/node_modules/@img/sharp-libvips-linux-x64'
174 silly reify ]
175 verbose reify failed optional dependency /Users/xspark3/ASM & HRMS/XSpark_HRMS/node_modules/@img/sharp-libvips-linux-s390x
176 silly reify mark deleted [
176 silly reify   '/Users/xspark3/ASM & HRMS/XSpark_HRMS/node_modules/@img/sharp-libvips-linux-s390x'
176 silly reify ]
177 verbose reify failed optional dependency /Users/xspark3/ASM & HRMS/XSpark_HRMS/node_modules/@img/sharp-libvips-linux-ppc64
178 silly reify mark deleted [
178 silly reify   '/Users/xspark3/ASM & HRMS/XSpark_HRMS/node_modules/@img/sharp-libvips-linux-ppc64'
178 silly reify ]
179 verbose reify failed optional dependency /Users/xspark3/ASM & HRMS/XSpark_HRMS/node_modules/@img/sharp-libvips-linux-arm64
180 silly reify mark deleted [
180 silly reify   '/Users/xspark3/ASM & HRMS/XSpark_HRMS/node_modules/@img/sharp-libvips-linux-arm64'
180 silly reify ]
181 verbose reify failed optional dependency /Users/xspark3/ASM & HRMS/XSpark_HRMS/node_modules/@img/sharp-libvips-linux-arm
182 silly reify mark deleted [
182 silly reify   '/Users/xspark3/ASM & HRMS/XSpark_HRMS/node_modules/@img/sharp-libvips-linux-arm'
182 silly reify ]
183 verbose reify failed optional dependency /Users/xspark3/ASM & HRMS/XSpark_HRMS/node_modules/@img/sharp-libvips-darwin-arm64
184 silly reify mark deleted [
184 silly reify   '/Users/xspark3/ASM & HRMS/XSpark_HRMS/node_modules/@img/sharp-libvips-darwin-arm64'
184 silly reify ]
185 verbose reify failed optional dependency /Users/xspark3/ASM & HRMS/XSpark_HRMS/node_modules/@img/sharp-darwin-arm64
186 silly reify mark deleted [
186 silly reify   '/Users/xspark3/ASM & HRMS/XSpark_HRMS/node_modules/@img/sharp-darwin-arm64'
186 silly reify ]
187 http cache html5-qrcode@https://registry.npmjs.org/html5-qrcode/-/html5-qrcode-2.3.8.tgz 0ms (cache hit)
188 http cache @radix-ui/react-aspect-ratio@https://registry.npmjs.org/@radix-ui/react-aspect-ratio/-/react-aspect-ratio-1.1.1.tgz 0ms (cache hit)
189 http cache @testing-library/user-event@https://registry.npmjs.org/@testing-library/user-event/-/user-event-14.6.1.tgz 0ms (cache hit)
190 http cache @testing-library/jest-dom@https://registry.npmjs.org/@testing-library/jest-dom/-/jest-dom-6.9.1.tgz 0ms (cache hit)
191 http cache @radix-ui/react-toggle@https://registry.npmjs.org/@radix-ui/react-toggle/-/react-toggle-1.1.1.tgz 0ms (cache hit)
192 http cache @vercel/analytics@https://registry.npmjs.org/@vercel/analytics/-/analytics-1.3.1.tgz 0ms (cache hit)
193 http cache @types/jest@https://registry.npmjs.org/@types/jest/-/jest-29.5.14.tgz 0ms (cache hit)
194 http cache @types/react-dom@https://registry.npmjs.org/@types/react-dom/-/react-dom-19.2.2.tgz 0ms (cache hit)
195 http cache @types/react@https://registry.npmjs.org/@types/react/-/react-19.2.2.tgz 0ms (cache hit)
196 http cache @types/node@https://registry.npmjs.org/@types/node/-/node-22.18.11.tgz 1ms (cache hit)
197 http cache @supabase/supabase-js@https://registry.npmjs.org/@supabase/supabase-js/-/supabase-js-2.76.1.tgz 0ms (cache hit)
198 http cache @tailwindcss/postcss@https://registry.npmjs.org/@tailwindcss/postcss/-/postcss-4.1.14.tgz 0ms (cache hit)
199 http cache @testing-library/react@https://registry.npmjs.org/@testing-library/react/-/react-16.3.0.tgz 0ms (cache hit)
200 http cache @radix-ui/react-toggle-group@https://registry.npmjs.org/@radix-ui/react-toggle-group/-/react-toggle-group-1.1.1.tgz 0ms (cache hit)
201 http cache @radix-ui/react-tabs@https://registry.npmjs.org/@radix-ui/react-tabs/-/react-tabs-1.1.2.tgz 0ms (cache hit)
202 http cache @radix-ui/react-toast@https://registry.npmjs.org/@radix-ui/react-toast/-/react-toast-1.2.4.tgz 0ms (cache hit)
203 http cache @radix-ui/react-switch@https://registry.npmjs.org/@radix-ui/react-switch/-/react-switch-1.1.2.tgz 0ms (cache hit)
204 http cache @radix-ui/react-slider@https://registry.npmjs.org/@radix-ui/react-slider/-/react-slider-1.2.2.tgz 0ms (cache hit)
205 http cache @radix-ui/react-tooltip@https://registry.npmjs.org/@radix-ui/react-tooltip/-/react-tooltip-1.1.6.tgz 0ms (cache hit)
206 http cache @radix-ui/react-popover@https://registry.npmjs.org/@radix-ui/react-popover/-/react-popover-1.1.4.tgz 0ms (cache hit)
207 http cache @radix-ui/react-separator@https://registry.npmjs.org/@radix-ui/react-separator/-/react-separator-1.1.1.tgz 0ms (cache hit)
208 http cache @radix-ui/react-slot@https://registry.npmjs.org/@radix-ui/react-slot/-/react-slot-1.1.1.tgz 0ms (cache hit)
209 http cache @radix-ui/react-progress@https://registry.npmjs.org/@radix-ui/react-progress/-/react-progress-1.1.1.tgz 0ms (cache hit)
210 http cache @radix-ui/react-menubar@https://registry.npmjs.org/@radix-ui/react-menubar/-/react-menubar-1.1.4.tgz 0ms (cache hit)
211 http cache @radix-ui/react-accordion@https://registry.npmjs.org/@radix-ui/react-accordion/-/react-accordion-1.2.2.tgz 0ms (cache hit)
212 http cache @radix-ui/react-hover-card@https://registry.npmjs.org/@radix-ui/react-hover-card/-/react-hover-card-1.1.4.tgz 0ms (cache hit)
213 http cache @radix-ui/react-collapsible@https://registry.npmjs.org/@radix-ui/react-collapsible/-/react-collapsible-1.1.2.tgz 0ms (cache hit)
214 http cache @radix-ui/react-context-menu@https://registry.npmjs.org/@radix-ui/react-context-menu/-/react-context-menu-2.2.4.tgz 0ms (cache hit)
215 http cache @radix-ui/react-navigation-menu@https://registry.npmjs.org/@radix-ui/react-navigation-menu/-/react-navigation-menu-1.2.3.tgz 0ms (cache hit)
216 http cache @hookform/resolvers@https://registry.npmjs.org/@hookform/resolvers/-/resolvers-3.10.0.tgz 0ms (cache hit)
217 http cache @radix-ui/react-radio-group@https://registry.npmjs.org/@radix-ui/react-radio-group/-/react-radio-group-1.2.2.tgz 0ms (cache hit)
218 http cache @radix-ui/react-select@https://registry.npmjs.org/@radix-ui/react-select/-/react-select-2.1.4.tgz 0ms (cache hit)
219 http cache @radix-ui/react-scroll-area@https://registry.npmjs.org/@radix-ui/react-scroll-area/-/react-scroll-area-1.2.2.tgz 0ms (cache hit)
220 http cache @radix-ui/react-label@https://registry.npmjs.org/@radix-ui/react-label/-/react-label-2.1.1.tgz 0ms (cache hit)
221 http cache @radix-ui/react-avatar@https://registry.npmjs.org/@radix-ui/react-avatar/-/react-avatar-1.1.2.tgz 0ms (cache hit)
222 http cache @radix-ui/react-dropdown-menu@https://registry.npmjs.org/@radix-ui/react-dropdown-menu/-/react-dropdown-menu-2.1.4.tgz 0ms (cache hit)
223 http cache @radix-ui/react-dialog@https://registry.npmjs.org/@radix-ui/react-dialog/-/react-dialog-1.1.4.tgz 0ms (cache hit)
224 http cache @radix-ui/react-alert-dialog@https://registry.npmjs.org/@radix-ui/react-alert-dialog/-/react-alert-dialog-1.1.4.tgz 0ms (cache hit)
225 http cache @radix-ui/react-checkbox@https://registry.npmjs.org/@radix-ui/react-checkbox/-/react-checkbox-1.1.3.tgz 0ms (cache hit)
226 http cache ts-node@https://registry.npmjs.org/ts-node/-/ts-node-10.9.2.tgz 0ms (cache hit)
227 http cache tsconfig-paths@https://registry.npmjs.org/tsconfig-paths/-/tsconfig-paths-4.2.0.tgz 0ms (cache hit)
228 http cache ts-jest@https://registry.npmjs.org/ts-jest/-/ts-jest-29.4.5.tgz 0ms (cache hit)
229 http cache vaul@https://registry.npmjs.org/vaul/-/vaul-1.1.2.tgz 0ms (cache hit)
230 http cache zod@https://registry.npmjs.org/zod/-/zod-3.25.76.tgz 0ms (cache hit)
231 http cache tw-animate-css@https://registry.npmjs.org/tw-animate-css/-/tw-animate-css-1.3.3.tgz 0ms (cache hit)
232 http cache typescript@https://registry.npmjs.org/typescript/-/typescript-5.9.3.tgz 0ms (cache hit)
233 http cache react-hook-form@https://registry.npmjs.org/react-hook-form/-/react-hook-form-7.65.0.tgz 0ms (cache hit)
234 http cache tailwindcss-animate@https://registry.npmjs.org/tailwindcss-animate/-/tailwindcss-animate-1.0.7.tgz 0ms (cache hit)
235 http cache swr@https://registry.npmjs.org/swr/-/swr-2.3.6.tgz 0ms (cache hit)
236 http cache sonner@https://registry.npmjs.org/sonner/-/sonner-1.7.4.tgz 0ms (cache hit)
237 http cache date-fns@https://registry.npmjs.org/date-fns/-/date-fns-3.6.0.tgz 0ms (cache hit)
238 http cache tailwind-merge@https://registry.npmjs.org/tailwind-merge/-/tailwind-merge-2.6.0.tgz 0ms (cache hit)
239 http cache react-day-picker@https://registry.npmjs.org/react-day-picker/-/react-day-picker-9.8.0.tgz 0ms (cache hit)
240 http cache recharts@https://registry.npmjs.org/recharts/-/recharts-2.15.4.tgz 0ms (cache hit)
241 http cache tailwindcss@https://registry.npmjs.org/tailwindcss/-/tailwindcss-4.1.14.tgz 0ms (cache hit)
242 http cache react-resizable-panels@https://registry.npmjs.org/react-resizable-panels/-/react-resizable-panels-2.1.9.tgz 0ms (cache hit)
243 http cache react-dom@https://registry.npmjs.org/react-dom/-/react-dom-19.2.0.tgz 0ms (cache hit)
244 http cache next-themes@https://registry.npmjs.org/next-themes/-/next-themes-0.4.6.tgz 0ms (cache hit)
245 http cache framer-motion@https://registry.npmjs.org/framer-motion/-/framer-motion-12.23.24.tgz 0ms (cache hit)
246 http cache react@https://registry.npmjs.org/react/-/react-19.2.0.tgz 0ms (cache hit)
247 http cache jest-environment-jsdom@https://registry.npmjs.org/jest-environment-jsdom/-/jest-environment-jsdom-29.7.0.tgz 0ms (cache hit)
248 http cache jest@https://registry.npmjs.org/jest/-/jest-29.7.0.tgz 0ms (cache hit)
249 http cache input-otp@https://registry.npmjs.org/input-otp/-/input-otp-1.4.1.tgz 0ms (cache hit)
250 http cache postcss@https://registry.npmjs.org/postcss/-/postcss-8.5.6.tgz 0ms (cache hit)
251 http cache lucide-react@https://registry.npmjs.org/lucide-react/-/lucide-react-0.454.0.tgz 0ms (cache hit)
252 http cache next@https://registry.npmjs.org/next/-/next-15.5.6.tgz 0ms (cache hit)
253 http cache clsx@https://registry.npmjs.org/clsx/-/clsx-2.1.1.tgz 0ms (cache hit)
254 http cache autoprefixer@https://registry.npmjs.org/autoprefixer/-/autoprefixer-10.4.21.tgz 0ms (cache hit)
255 http cache embla-carousel-react@https://registry.npmjs.org/embla-carousel-react/-/embla-carousel-react-8.5.1.tgz 0ms (cache hit)
256 http cache cmdk@https://registry.npmjs.org/cmdk/-/cmdk-1.0.4.tgz 0ms (cache hit)
257 http cache class-variance-authority@https://registry.npmjs.org/class-variance-authority/-/class-variance-authority-0.7.1.tgz 0ms (cache hit)
258 http cache pretty-format@https://registry.npmjs.org/pretty-format/-/pretty-format-29.7.0.tgz 0ms (cache hit)
259 http cache ansi-styles@https://registry.npmjs.org/ansi-styles/-/ansi-styles-5.2.0.tgz 0ms (cache hit)
260 http cache dom-accessibility-api@https://registry.npmjs.org/dom-accessibility-api/-/dom-accessibility-api-0.6.3.tgz 0ms (cache hit)
261 http cache strip-bom@https://registry.npmjs.org/strip-bom/-/strip-bom-3.0.0.tgz 0ms (cache hit)
262 http cache type-fest@https://registry.npmjs.org/type-fest/-/type-fest-4.41.0.tgz 0ms (cache hit)
263 http cache date-fns@https://registry.npmjs.org/date-fns/-/date-fns-4.1.0.tgz 0ms (cache hit)
264 http cache postcss@https://registry.npmjs.org/postcss/-/postcss-8.4.31.tgz 0ms (cache hit)
265 silly tarball no local data for html5-qrcode@https://registry.npmjs.org/html5-qrcode/-/html5-qrcode-2.3.8.tgz. Extracting by manifest.
266 http fetch POST 200 https://registry.npmjs.org/-/npm/v1/security/advisories/bulk 1165ms
267 silly audit report {
267 silly audit report   diff: [
267 silly audit report     {
267 silly audit report       id: 1112704,
267 silly audit report       url: 'https://github.com/advisories/GHSA-73rr-hh4g-fpgx',
267 silly audit report       title: 'jsdiff has a Denial of Service vulnerability in parsePatch and applyPatch',
267 silly audit report       severity: 'low',
267 silly audit report       vulnerable_versions: '>=4.0.0 <4.0.4',
267 silly audit report       cwe: [Array],
267 silly audit report       cvss: [Object]
267 silly audit report     }
267 silly audit report   ],
267 silly audit report   'js-yaml': [
267 silly audit report     {
267 silly audit report       id: 1112714,
267 silly audit report       url: 'https://github.com/advisories/GHSA-mh29-5h37-fv8m',
267 silly audit report       title: 'js-yaml has prototype pollution in merge (<<)',
267 silly audit report       severity: 'moderate',
267 silly audit report       vulnerable_versions: '<3.14.2',
267 silly audit report       cwe: [Array],
267 silly audit report       cvss: [Object]
267 silly audit report     }
267 silly audit report   ],
267 silly audit report   lodash: [
267 silly audit report     {
267 silly audit report       id: 1112455,
267 silly audit report       url: 'https://github.com/advisories/GHSA-xxjr-mmjv-4gpg',
267 silly audit report       title: 'Lodash has Prototype Pollution Vulnerability in `_.unset` and `_.omit` functions',
267 silly audit report       severity: 'moderate',
267 silly audit report       vulnerable_versions: '>=4.0.0 <=4.17.22',
267 silly audit report       cwe: [Array],
267 silly audit report       cvss: [Object]
267 silly audit report     }
267 silly audit report   ],
267 silly audit report   next: [
267 silly audit report     {
267 silly audit report       id: 1111366,
267 silly audit report       url: 'https://github.com/advisories/GHSA-9qr9-h5gf-34mp',
267 silly audit report       title: 'Next.js is vulnerable to RCE in React flight protocol',
267 silly audit report       severity: 'critical',
267 silly audit report       vulnerable_versions: '>=15.5.0-canary.0 <15.5.7',
267 silly audit report       cwe: [Array],
267 silly audit report       cvss: [Object]
267 silly audit report     },
267 silly audit report     {
267 silly audit report       id: 1111376,
267 silly audit report       url: 'https://github.com/advisories/GHSA-w37m-7fhw-fmv9',
267 silly audit report       title: 'Next Server Actions Source Code Exposure ',
267 silly audit report       severity: 'moderate',
267 silly audit report       vulnerable_versions: '>=15.5.1-canary.0 <15.5.8',
267 silly audit report       cwe: [Array],
267 silly audit report       cvss: [Object]
267 silly audit report     },
267 silly audit report     {
267 silly audit report       id: 1111385,
267 silly audit report       url: 'https://github.com/advisories/GHSA-mwv6-3258-q52c',
267 silly audit report       title: 'Next Vulnerable to Denial of Service with Server Components',
267 silly audit report       severity: 'high',
267 silly audit report       vulnerable_versions: '>=15.5.1-canary.0 <15.5.8',
267 silly audit report       cwe: [Array],
267 silly audit report       cvss: [Object]
267 silly audit report     },
267 silly audit report     {
267 silly audit report       id: 1112593,
267 silly audit report       url: 'https://github.com/advisories/GHSA-9g9p-9gw9-jx7f',
267 silly audit report       title: 'Next.js self-hosted applications vulnerable to DoS via Image Optimizer remotePatterns configuration',
267 silly audit report       severity: 'moderate',
267 silly audit report       vulnerable_versions: '>=10.0.0 <15.5.10',
267 silly audit report       cwe: [Array],
267 silly audit report       cvss: [Object]
267 silly audit report     },
267 silly audit report     {
267 silly audit report       id: 1112648,
267 silly audit report       url: 'https://github.com/advisories/GHSA-h25m-26qc-wcjf',
267 silly audit report       title: 'Next.js HTTP request deserialization can lead to DoS when using insecure React Server Components',
267 silly audit report       severity: 'high',
267 silly audit report       vulnerable_versions: '>=15.5.1-canary.0 <15.5.10',
267 silly audit report       cwe: [Array],
267 silly audit report       cvss: [Object]
267 silly audit report     }
267 silly audit report   ],
267 silly audit report   tar: [
267 silly audit report     {
267 silly audit report       id: 1112255,
267 silly audit report       url: 'https://github.com/advisories/GHSA-8qq5-rm4j-mr97',
267 silly audit report       title: 'node-tar is Vulnerable to Arbitrary File Overwrite and Symlink Poisoning via Insufficient Path Sanitization',
267 silly audit report       severity: 'high',
267 silly audit report       vulnerable_versions: '<=7.5.2',
267 silly audit report       cwe: [Array],
267 silly audit report       cvss: [Object]
267 silly audit report     },
267 silly audit report     {
267 silly audit report       id: 1112329,
267 silly audit report       url: 'https://github.com/advisories/GHSA-r6q2-hw4h-h46w',
267 silly audit report       title: 'Race Condition in node-tar Path Reservations via Unicode Ligature Collisions on macOS APFS',
267 silly audit report       severity: 'high',
267 silly audit report       vulnerable_versions: '<=7.5.3',
267 silly audit report       cwe: [Array],
267 silly audit report       cvss: [Object]
267 silly audit report     },
267 silly audit report     {
267 silly audit report       id: 1109463,
267 silly audit report       url: 'https://github.com/advisories/GHSA-29xp-372q-xqph',
267 silly audit report       title: 'node-tar has a race condition leading to uninitialized memory exposure',
267 silly audit report       severity: 'moderate',
267 silly audit report       vulnerable_versions: '=7.5.1',
267 silly audit report       cwe: [Array],
267 silly audit report       cvss: [Object]
267 silly audit report     },
267 silly audit report     {
267 silly audit report       id: 1112659,
267 silly audit report       url: 'https://github.com/advisories/GHSA-34x7-hfp2-rc4v',
267 silly audit report       title: 'node-tar Vulnerable to Arbitrary File Creation/Overwrite via Hardlink Path Traversal',
267 silly audit report       severity: 'high',
267 silly audit report       vulnerable_versions: '<7.5.7',
267 silly audit report       cwe: [Array],
267 silly audit report       cvss: [Object]
267 silly audit report     },
267 silly audit report     {
267 silly audit report       id: 1113249,
267 silly audit report       url: 'https://github.com/advisories/GHSA-83g3-92jg-28cx',
267 silly audit report       title: 'Arbitrary File Read/Write via Hardlink Target Escape Through Symlink Chain in node-tar Extraction',
267 silly audit report       severity: 'high',
267 silly audit report       vulnerable_versions: '<7.5.8',
267 silly audit report       cwe: [Array],
267 silly audit report       cvss: [Object]
267 silly audit report     }
267 silly audit report   ]
267 silly audit report }
268 silly packumentCache corgi:https://registry.npmjs.org/diff cache-miss
269 silly packumentCache corgi:https://registry.npmjs.org/js-yaml cache-miss
270 silly packumentCache corgi:https://registry.npmjs.org/lodash cache-miss
271 silly packumentCache corgi:https://registry.npmjs.org/next cache-miss
272 silly packumentCache corgi:https://registry.npmjs.org/tar cache-miss
273 http cache jest-cli@https://registry.npmjs.org/jest-cli/-/jest-cli-29.7.0.tgz 0ms (cache hit)
274 http fetch GET 200 https://registry.npmjs.org/js-yaml 427ms (cache revalidated)
275 silly packumentCache corgi:https://registry.npmjs.org/js-yaml set size:58533 disposed:false
276 http fetch GET 200 https://registry.npmjs.org/diff 1071ms (cache miss)
277 silly packumentCache corgi:https://registry.npmjs.org/diff set size:undefined disposed:false
278 http fetch GET 200 https://registry.npmjs.org/tar 1128ms (cache updated)
279 silly packumentCache corgi:https://registry.npmjs.org/tar set size:undefined disposed:false
280 http fetch GET 200 https://registry.npmjs.org/lodash 1271ms (cache miss)
281 silly packumentCache corgi:https://registry.npmjs.org/lodash set size:undefined disposed:false
282 http fetch GET 200 https://registry.npmjs.org/html5-qrcode/-/html5-qrcode-2.3.8.tgz 4310ms (cache miss)
283 http fetch GET 200 https://registry.npmjs.org/next 3736ms (cache miss)
284 silly packumentCache corgi:https://registry.npmjs.org/next set size:undefined disposed:false
285 silly packumentCache corgi:https://registry.npmjs.org/ts-node cache-miss
286 http fetch GET 200 https://registry.npmjs.org/ts-node 797ms (cache miss)
287 silly packumentCache corgi:https://registry.npmjs.org/ts-node set size:undefined disposed:false
288 silly packumentCache corgi:https://registry.npmjs.org/@istanbuljs%2fload-nyc-config cache-miss
289 http fetch GET 200 https://registry.npmjs.org/@istanbuljs%2fload-nyc-config 249ms (cache revalidated)
290 silly packumentCache corgi:https://registry.npmjs.org/@istanbuljs%2fload-nyc-config set size:8602 disposed:false
291 silly packumentCache corgi:https://registry.npmjs.org/recharts cache-miss
292 http fetch GET 200 https://registry.npmjs.org/recharts 558ms (cache miss)
293 silly packumentCache corgi:https://registry.npmjs.org/recharts set size:undefined disposed:false
294 silly packumentCache corgi:https://registry.npmjs.org/@vercel%2fanalytics cache-miss
295 http fetch GET 200 https://registry.npmjs.org/@vercel%2fanalytics 1606ms (cache miss)
296 silly packumentCache corgi:https://registry.npmjs.org/@vercel%2fanalytics set size:undefined disposed:false
297 silly packumentCache corgi:https://registry.npmjs.org/@tailwindcss%2foxide cache-miss
298 http fetch GET 200 https://registry.npmjs.org/@tailwindcss%2foxide 1378ms (cache updated)
299 silly packumentCache corgi:https://registry.npmjs.org/@tailwindcss%2foxide set size:undefined disposed:false
300 verbose stack TypeError [ERR_INVALID_ARG_TYPE]: The "from" argument must be of type string. Received undefined
300 verbose stack     at relative (node:path:1281:5)
300 verbose stack     at /usr/local/lib/node_modules/npm/node_modules/@npmcli/arborist/lib/arborist/reify.js:1198:21
300 verbose stack     at Array.map (<anonymous>)
300 verbose stack     at /usr/local/lib/node_modules/npm/node_modules/@npmcli/arborist/lib/arborist/reify.js:1196:66
300 verbose stack     at Array.map (<anonymous>)
300 verbose stack     at [rollbackMoveBackRetiredUnchanged] (/usr/local/lib/node_modules/npm/node_modules/@npmcli/arborist/lib/arborist/reify.js:1196:8)
300 verbose stack     at [reifyPackages] (/usr/local/lib/node_modules/npm/node_modules/@npmcli/arborist/lib/arborist/reify.js:331:31)
300 verbose stack     at process.processTicksAndRejections (node:internal/process/task_queues:105:5)
300 verbose stack     at async Arborist.reify (/usr/local/lib/node_modules/npm/node_modules/@npmcli/arborist/lib/arborist/reify.js:142:5)
300 verbose stack     at async Install.exec (/usr/local/lib/node_modules/npm/lib/commands/install.js:150:5)
301 error code ERR_INVALID_ARG_TYPE
302 error The "from" argument must be of type string. Received undefined
303 silly unfinished npm timer reify 1771403546136
304 silly unfinished npm timer reify:unretire 1771403563753
305 verbose cwd /Users/xspark3/ASM & HRMS/XSpark_HRMS
306 verbose os Darwin 23.6.0
307 verbose node v23.9.0
308 verbose npm  v10.9.2
309 verbose exit 1
310 verbose code 1
311 error A complete log of this run can be found in: /Users/xspark3/ASM & HRMS/XSpark_HRMS/.npm-cache/_logs/2026-02-18T08_32_25_523Z-debug-0.log
