0 verbose cli /usr/local/Cellar/node/23.9.0/bin/node /usr/local/bin/npm
1 info using npm@10.9.2
2 info using node@v23.9.0
3 silly config load:file:/usr/local/lib/node_modules/npm/npmrc
4 silly config load:file:/Users/xspark3/ASM & HRMS/XSpark_HRMS/.npmrc
5 silly config load:file:/Users/xspark3/.npmrc
6 silly config load:file:/usr/local/etc/npmrc
7 verbose title npm install html5-qrcode
8 verbose argv "install" "html5-qrcode"
9 verbose logfile logs-max:10 dir:/Users/xspark3/ASM & HRMS/XSpark_HRMS/.npm-cache/_logs/2026-02-18T08_47_59_822Z-
10 verbose logfile /Users/xspark3/ASM & HRMS/XSpark_HRMS/.npm-cache/_logs/2026-02-18T08_47_59_822Z-debug-0.log
11 silly logfile start cleaning logs, removing 1 files
12 silly packumentCache heap:2197815296 maxSize:549453824 maxEntrySize:274726912
13 silly logfile done cleaning log files
14 silly idealTree buildDeps
15 silly fetch manifest html5-qrcode@^2.3.8
16 silly packumentCache full:https://registry.npmjs.org/html5-qrcode cache-miss
17 verbose shrinkwrap failed to load node_modules/.package-lock.json missing from lockfile: node_modules/.pnpm/autoprefixer@10.4.21_postcss@8.5.6/node_modules/autoprefixer
18 http fetch GET 200 https://registry.npmjs.org/html5-qrcode 818ms (cache revalidated)
19 silly packumentCache full:https://registry.npmjs.org/html5-qrcode set size:240953 disposed:false
20 silly placeDep ROOT html5-qrcode@2.3.8 REPLACE for: my-v0-project@0.1.0 want: ^2.3.8
21 silly reify moves {}
22 verbose reify failed optional dependency /Users/xspark3/ASM & HRMS/XSpark_HRMS/node_modules/@tailwindcss/oxide-wasm32-wasi
23 silly reify mark deleted [
23 silly reify   '/Users/xspark3/ASM & HRMS/XSpark_HRMS/node_modules/@tailwindcss/oxide-wasm32-wasi'
23 silly reify ]
24 silly audit bulk request {
24 silly audit   '@adobe/css-tools': [ '4.4.4' ],
24 silly audit   '@alloc/quick-lru': [ '5.2.0' ],
24 silly audit   '@babel/code-frame': [ '7.27.1' ],
24 silly audit   '@babel/compat-data': [ '7.28.4' ],
24 silly audit   '@babel/core': [ '7.28.4' ],
24 silly audit   semver: [ '6.3.1', '7.7.3' ],
24 silly audit   '@babel/generator': [ '7.28.3' ],
24 silly audit   '@babel/helper-compilation-targets': [ '7.27.2' ],
24 silly audit   '@babel/helper-globals': [ '7.28.0' ],
24 silly audit   '@babel/helper-module-imports': [ '7.27.1' ],
24 silly audit   '@babel/helper-module-transforms': [ '7.28.3' ],
24 silly audit   '@babel/helper-plugin-utils': [ '7.27.1' ],
24 silly audit   '@babel/helper-string-parser': [ '7.27.1' ],
24 silly audit   '@babel/helper-validator-identifier': [ '7.27.1' ],
24 silly audit   '@babel/helper-validator-option': [ '7.27.1' ],
24 silly audit   '@babel/helpers': [ '7.28.4' ],
24 silly audit   '@babel/parser': [ '7.28.4' ],
24 silly audit   '@babel/plugin-syntax-async-generators': [ '7.8.4' ],
24 silly audit   '@babel/plugin-syntax-bigint': [ '7.8.3' ],
24 silly audit   '@babel/plugin-syntax-class-properties': [ '7.12.13' ],
24 silly audit   '@babel/plugin-syntax-class-static-block': [ '7.14.5' ],
24 silly audit   '@babel/plugin-syntax-import-attributes': [ '7.27.1' ],
24 silly audit   '@babel/plugin-syntax-import-meta': [ '7.10.4' ],
24 silly audit   '@babel/plugin-syntax-json-strings': [ '7.8.3' ],
24 silly audit   '@babel/plugin-syntax-jsx': [ '7.27.1' ],
24 silly audit   '@babel/plugin-syntax-logical-assignment-operators': [ '7.10.4' ],
24 silly audit   '@babel/plugin-syntax-nullish-coalescing-operator': [ '7.8.3' ],
24 silly audit   '@babel/plugin-syntax-numeric-separator': [ '7.10.4' ],
24 silly audit   '@babel/plugin-syntax-object-rest-spread': [ '7.8.3' ],
24 silly audit   '@babel/plugin-syntax-optional-catch-binding': [ '7.8.3' ],
24 silly audit   '@babel/plugin-syntax-optional-chaining': [ '7.8.3' ],
24 silly audit   '@babel/plugin-syntax-private-property-in-object': [ '7.14.5' ],
24 silly audit   '@babel/plugin-syntax-top-level-await': [ '7.14.5' ],
24 silly audit   '@babel/plugin-syntax-typescript': [ '7.27.1' ],
24 silly audit   '@babel/runtime': [ '7.28.4' ],
24 silly audit   '@babel/template': [ '7.27.2' ],
24 silly audit   '@babel/traverse': [ '7.28.4' ],
24 silly audit   '@babel/types': [ '7.28.4' ],
24 silly audit   '@bcoe/v8-coverage': [ '0.2.3' ],
24 silly audit   '@cspotcode/source-map-support': [ '0.8.1' ],
24 silly audit   '@jridgewell/trace-mapping': [ '0.3.9', '0.3.31' ],
24 silly audit   '@date-fns/tz': [ '1.2.0' ],
24 silly audit   '@emnapi/runtime': [ '1.5.0' ],
24 silly audit   '@floating-ui/core': [ '1.7.3' ],
24 silly audit   '@floating-ui/dom': [ '1.7.4' ],
24 silly audit   '@floating-ui/react-dom': [ '2.1.6' ],
24 silly audit   '@floating-ui/utils': [ '0.2.10' ],
24 silly audit   '@hookform/resolvers': [ '3.10.0' ],
24 silly audit   '@img/colour': [ '1.0.0' ],
24 silly audit   '@img/sharp-darwin-arm64': [ '0.34.4' ],
24 silly audit   '@img/sharp-darwin-x64': [ '0.34.4' ],
24 silly audit   '@img/sharp-libvips-darwin-arm64': [ '1.2.3' ],
24 silly audit   '@img/sharp-libvips-darwin-x64': [ '1.2.3' ],
24 silly audit   '@img/sharp-libvips-linux-arm': [ '1.2.3' ],
24 silly audit   '@img/sharp-libvips-linux-arm64': [ '1.2.3' ],
24 silly audit   '@img/sharp-libvips-linux-ppc64': [ '1.2.3' ],
24 silly audit   '@img/sharp-libvips-linux-s390x': [ '1.2.3' ],
24 silly audit   '@img/sharp-libvips-linux-x64': [ '1.2.3' ],
24 silly audit   '@img/sharp-libvips-linuxmusl-arm64': [ '1.2.3' ],
24 silly audit   '@img/sharp-libvips-linuxmusl-x64': [ '1.2.3' ],
24 silly audit   '@img/sharp-linux-arm': [ '0.34.4' ],
24 silly audit   '@img/sharp-linux-arm64': [ '0.34.4' ],
24 silly audit   '@img/sharp-linux-ppc64': [ '0.34.4' ],
24 silly audit   '@img/sharp-linux-s390x': [ '0.34.4' ],
24 silly audit   '@img/sharp-linux-x64': [ '0.34.4' ],
24 silly audit   '@img/sharp-linuxmusl-arm64': [ '0.34.4' ],
24 silly audit   '@img/sharp-linuxmusl-x64': [ '0.34.4' ],
24 silly audit   '@img/sharp-wasm32': [ '0.34.4' ],
24 silly audit   '@img/sharp-win32-arm64': [ '0.34.4' ],
24 silly audit   '@img/sharp-win32-ia32': [ '0.34.4' ],
24 silly audit   '@img/sharp-win32-x64': [ '0.34.4' ],
24 silly audit   '@isaacs/fs-minipass': [ '4.0.1' ],
24 silly audit   '@istanbuljs/load-nyc-config': [ '1.1.0' ],
24 silly audit   '@istanbuljs/schema': [ '0.1.3' ],
24 silly audit   '@jest/console': [ '29.7.0' ],
24 silly audit   '@jest/core': [ '29.7.0' ],
24 silly audit   'ansi-styles': [ '5.2.0', '4.3.0' ],
24 silly audit   'jest-config': [ '29.7.0' ],
24 silly audit   'pretty-format': [ '29.7.0', '27.5.1' ],
24 silly audit   '@jest/environment': [ '29.7.0' ],
24 silly audit   '@jest/expect': [ '29.7.0' ],
24 silly audit   '@jest/expect-utils': [ '29.7.0' ],
24 silly audit   '@jest/fake-timers': [ '29.7.0' ],
24 silly audit   '@jest/globals': [ '29.7.0' ],
24 silly audit   '@jest/reporters': [ '29.7.0' ],
24 silly audit   '@jest/schemas': [ '29.6.3' ],
24 silly audit   '@jest/source-map': [ '29.6.3' ],
24 silly audit   '@jest/test-result': [ '29.7.0' ],
24 silly audit   '@jest/test-sequencer': [ '29.7.0' ],
24 silly audit   '@jest/transform': [ '29.7.0' ],
24 silly audit   '@jest/types': [ '29.6.3' ],
24 silly audit   '@jridgewell/gen-mapping': [ '0.3.13' ],
24 silly audit   '@jridgewell/remapping': [ '2.3.5' ],
24 silly audit   '@jridgewell/resolve-uri': [ '3.1.2' ],
24 silly audit   '@jridgewell/sourcemap-codec': [ '1.5.5' ],
24 silly audit   '@next/env': [ '15.5.6' ],
24 silly audit   '@next/swc-darwin-arm64': [ '15.5.6' ],
24 silly audit   '@next/swc-darwin-x64': [ '15.5.6' ],
24 silly audit   '@next/swc-linux-arm64-gnu': [ '15.5.6' ],
24 silly audit   '@next/swc-linux-arm64-musl': [ '15.5.6' ],
24 silly audit   '@next/swc-linux-x64-gnu': [ '15.5.6' ],
24 silly audit   '@next/swc-linux-x64-musl': [ '15.5.6' ],
24 silly audit   '@next/swc-win32-arm64-msvc': [ '15.5.6' ],
24 silly audit   '@next/swc-win32-x64-msvc': [ '15.5.6' ],
24 silly audit   '@radix-ui/number': [ '1.1.0' ],
24 silly audit   '@radix-ui/primitive': [ '1.1.1' ],
24 silly audit   '@radix-ui/react-accordion': [ '1.2.2' ],
24 silly audit   '@radix-ui/react-alert-dialog': [ '1.1.4' ],
24 silly audit   '@radix-ui/react-arrow': [ '1.1.1' ],
24 silly audit   '@radix-ui/react-aspect-ratio': [ '1.1.1' ],
24 silly audit   '@radix-ui/react-avatar': [ '1.1.2' ],
24 silly audit   '@radix-ui/react-checkbox': [ '1.1.3' ],
24 silly audit   '@radix-ui/react-collapsible': [ '1.1.2' ],
24 silly audit   '@radix-ui/react-collection': [ '1.1.1' ],
24 silly audit   '@radix-ui/react-compose-refs': [ '1.1.1' ],
24 silly audit   '@radix-ui/react-context': [ '1.1.1' ],
24 silly audit   '@radix-ui/react-context-menu': [ '2.2.4' ],
24 silly audit   '@radix-ui/react-dialog': [ '1.1.4' ],
24 silly audit   '@radix-ui/react-direction': [ '1.1.0' ],
24 silly audit   '@radix-ui/react-dismissable-layer': [ '1.1.3' ],
24 silly audit   '@radix-ui/react-dropdown-menu': [ '2.1.4' ],
24 silly audit   '@radix-ui/react-focus-guards': [ '1.1.1' ],
24 silly audit   '@radix-ui/react-focus-scope': [ '1.1.1' ],
24 silly audit   '@radix-ui/react-hover-card': [ '1.1.4' ],
24 silly audit   '@radix-ui/react-id': [ '1.1.0' ],
24 silly audit   '@radix-ui/react-label': [ '2.1.1' ],
24 silly audit   '@radix-ui/react-menu': [ '2.1.4' ],
24 silly audit   '@radix-ui/react-menubar': [ '1.1.4' ],
24 silly audit   '@radix-ui/react-navigation-menu': [ '1.2.3' ],
24 silly audit   '@radix-ui/react-popover': [ '1.1.4' ],
24 silly audit   '@radix-ui/react-popper': [ '1.2.1' ],
24 silly audit   '@radix-ui/react-portal': [ '1.1.3' ],
24 silly audit   '@radix-ui/react-presence': [ '1.1.2' ],
24 silly audit   '@radix-ui/react-primitive': [ '2.0.1' ],
24 silly audit   '@radix-ui/react-progress': [ '1.1.1' ],
24 silly audit   '@radix-ui/react-radio-group': [ '1.2.2' ],
24 silly audit   '@radix-ui/react-roving-focus': [ '1.1.1' ],
24 silly audit   '@radix-ui/react-scroll-area': [ '1.2.2' ],
24 silly audit   '@radix-ui/react-select': [ '2.1.4' ],
24 silly audit   '@radix-ui/react-separator': [ '1.1.1' ],
24 silly audit   '@radix-ui/react-slider': [ '1.2.2' ],
24 silly audit   '@radix-ui/react-slot': [ '1.1.1' ],
24 silly audit   '@radix-ui/react-switch': [ '1.1.2' ],
24 silly audit   '@radix-ui/react-tabs': [ '1.1.2' ],
24 silly audit   '@radix-ui/react-toast': [ '1.2.4' ],
24 silly audit   '@radix-ui/react-toggle': [ '1.1.1' ],
24 silly audit   '@radix-ui/react-toggle-group': [ '1.1.1' ],
24 silly audit   '@radix-ui/react-tooltip': [ '1.1.6' ],
24 silly audit   '@radix-ui/react-use-callback-ref': [ '1.1.0' ],
24 silly audit   '@radix-ui/react-use-controllable-state': [ '1.1.0' ],
24 silly audit   '@radix-ui/react-use-escape-keydown': [ '1.1.0' ],
24 silly audit   '@radix-ui/react-use-layout-effect': [ '1.1.0' ],
24 silly audit   '@radix-ui/react-use-previous': [ '1.1.0' ],
24 silly audit   '@radix-ui/react-use-rect': [ '1.1.0' ],
24 silly audit   '@radix-ui/react-use-size': [ '1.1.0' ],
24 silly audit   '@radix-ui/react-visually-hidden': [ '1.1.1' ],
24 silly audit   '@radix-ui/rect': [ '1.1.0' ],
24 silly audit   '@sinclair/typebox': [ '0.27.8' ],
24 silly audit   '@sinonjs/commons': [ '3.0.1' ],
24 silly audit   '@sinonjs/fake-timers': [ '10.3.0' ],
24 silly audit   '@supabase/auth-js': [ '2.76.1' ],
24 silly audit   '@supabase/functions-js': [ '2.76.1' ],
24 silly audit   '@supabase/node-fetch': [ '2.6.15' ],
24 silly audit   '@supabase/postgrest-js': [ '2.76.1' ],
24 silly audit   '@supabase/realtime-js': [ '2.76.1' ],
24 silly audit   '@supabase/storage-js': [ '2.76.1' ],
24 silly audit   '@supabase/supabase-js': [ '2.76.1' ],
24 silly audit   '@swc/helpers': [ '0.5.15' ],
24 silly audit   '@tailwindcss/node': [ '4.1.14' ],
24 silly audit   '@tailwindcss/oxide': [ '4.1.14' ],
24 silly audit   '@tailwindcss/oxide-android-arm64': [ '4.1.14' ],
24 silly audit   '@tailwindcss/oxide-darwin-arm64': [ '4.1.14' ],
24 silly audit   '@tailwindcss/oxide-darwin-x64': [ '4.1.14' ],
24 silly audit   '@tailwindcss/oxide-freebsd-x64': [ '4.1.14' ],
24 silly audit   '@tailwindcss/oxide-linux-arm-gnueabihf': [ '4.1.14' ],
24 silly audit   '@tailwindcss/oxide-linux-arm64-gnu': [ '4.1.14' ],
24 silly audit   '@tailwindcss/oxide-linux-arm64-musl': [ '4.1.14' ],
24 silly audit   '@tailwindcss/oxide-linux-x64-gnu': [ '4.1.14' ],
24 silly audit   '@tailwindcss/oxide-linux-x64-musl': [ '4.1.14' ],
24 silly audit   '@tailwindcss/oxide-win32-arm64-msvc': [ '4.1.14' ],
24 silly audit   '@tailwindcss/oxide-win32-x64-msvc': [ '4.1.14' ],
24 silly audit   '@tailwindcss/postcss': [ '4.1.14' ],
24 silly audit   '@testing-library/dom': [ '10.4.1' ],
24 silly audit   '@testing-library/jest-dom': [ '6.9.1' ],
24 silly audit   'dom-accessibility-api': [ '0.6.3', '0.5.16' ],
24 silly audit   '@testing-library/react': [ '16.3.0' ],
24 silly audit   '@testing-library/user-event': [ '14.6.1' ],
24 silly audit   '@tootallnate/once': [ '2.0.0' ],
24 silly audit   '@tsconfig/node10': [ '1.0.11' ],
24 silly audit   '@tsconfig/node12': [ '1.0.11' ],
24 silly audit   '@tsconfig/node14': [ '1.0.3' ],
24 silly audit   '@tsconfig/node16': [ '1.0.4' ],
24 silly audit   '@types/aria-query': [ '5.0.4' ],
24 silly audit   '@types/babel__core': [ '7.20.5' ],
24 silly audit   '@types/babel__generator': [ '7.27.0' ],
24 silly audit   '@types/babel__template': [ '7.4.4' ],
24 silly audit   '@types/babel__traverse': [ '7.28.0' ],
24 silly audit   '@types/d3-array': [ '3.2.2' ],
24 silly audit   '@types/d3-color': [ '3.1.3' ],
24 silly audit   '@types/d3-ease': [ '3.0.2' ],
24 silly audit   '@types/d3-interpolate': [ '3.0.4' ],
24 silly audit   '@types/d3-path': [ '3.1.1' ],
24 silly audit   '@types/d3-scale': [ '4.0.9' ],
24 silly audit   '@types/d3-shape': [ '3.1.7' ],
24 silly audit   '@types/d3-time': [ '3.0.4' ],
24 silly audit   '@types/d3-timer': [ '3.0.2' ],
24 silly audit   '@types/graceful-fs': [ '4.1.9' ],
24 silly audit   '@types/istanbul-lib-coverage': [ '2.0.6' ],
24 silly audit   '@types/istanbul-lib-report': [ '3.0.3' ],
24 silly audit   '@types/istanbul-reports': [ '3.0.4' ],
24 silly audit   '@types/jest': [ '29.5.14' ],
24 silly audit   '@types/jsdom': [ '20.0.1' ],
24 silly audit   '@types/node': [ '22.18.11' ],
24 silly audit   '@types/phoenix': [ '1.6.6' ],
24 silly audit   '@types/react': [ '19.2.2' ],
24 silly audit   '@types/react-dom': [ '19.2.2' ],
24 silly audit   '@types/stack-utils': [ '2.0.3' ],
24 silly audit   '@types/tough-cookie': [ '4.0.5' ],
24 silly audit   '@types/ws': [ '8.18.1' ],
24 silly audit   '@types/yargs': [ '17.0.33' ],
24 silly audit   '@types/yargs-parser': [ '21.0.3' ],
24 silly audit   '@vercel/analytics': [ '1.3.1' ],
24 silly audit   abab: [ '2.0.6' ],
24 silly audit   acorn: [ '8.15.0' ],
24 silly audit   'acorn-globals': [ '7.0.1' ],
24 silly audit   'acorn-walk': [ '8.3.4' ],
24 silly audit   'agent-base': [ '6.0.2' ],
24 silly audit   'ansi-escapes': [ '4.3.2' ],
24 silly audit   'ansi-regex': [ '5.0.1' ],
24 silly audit   anymatch: [ '3.1.3' ],
24 silly audit   arg: [ '4.1.3' ],
24 silly audit   argparse: [ '1.0.10' ],
24 silly audit   'aria-hidden': [ '1.2.6' ],
24 silly audit   'aria-query': [ '5.3.0' ],
24 silly audit   asynckit: [ '0.4.0' ],
24 silly audit   autoprefixer: [ '10.4.21' ],
24 silly audit   'babel-jest': [ '29.7.0' ],
24 silly audit   'babel-plugin-istanbul': [ '6.1.1' ],
24 silly audit   'istanbul-lib-instrument': [ '5.2.1', '6.0.3' ],
24 silly audit   'babel-plugin-jest-hoist': [ '29.6.3' ],
24 silly audit   'babel-preset-current-node-syntax': [ '1.2.0' ],
24 silly audit   'babel-preset-jest': [ '29.6.3' ],
24 silly audit   'balanced-match': [ '1.0.2' ],
24 silly audit   'baseline-browser-mapping': [ '2.8.18' ],
24 silly audit   'brace-expansion': [ '1.1.12' ],
24 silly audit   braces: [ '3.0.3' ],
24 silly audit   browserslist: [ '4.26.3' ],
24 silly audit   'bs-logger': [ '0.2.6' ],
24 silly audit   bser: [ '2.1.1' ],
24 silly audit   'buffer-from': [ '1.1.2' ],
24 silly audit   'call-bind-apply-helpers': [ '1.0.2' ],
24 silly audit   callsites: [ '3.1.0' ],
24 silly audit   camelcase: [ '5.3.1', '6.3.0' ],
24 silly audit   'caniuse-lite': [ '1.0.30001751' ],
24 silly audit   chalk: [ '4.1.2' ],
24 silly audit   'char-regex': [ '1.0.2' ],
24 silly audit   chownr: [ '3.0.0' ],
24 silly audit   'ci-info': [ '3.9.0' ],
24 silly audit   'cjs-module-lexer': [ '1.4.3' ],
24 silly audit   'class-variance-authority': [ '0.7.1' ],
24 silly audit   'client-only': [ '0.0.1' ],
24 silly audit   cliui: [ '8.0.1' ],
24 silly audit   clsx: [ '2.1.1' ],
24 silly audit   cmdk: [ '1.0.4' ],
24 silly audit   co: [ '4.6.0' ],
24 silly audit   'collect-v8-coverage': [ '1.0.3' ],
24 silly audit   'color-convert': [ '2.0.1' ],
24 silly audit   'color-name': [ '1.1.4' ],
24 silly audit   'combined-stream': [ '1.0.8' ],
24 silly audit   'concat-map': [ '0.0.1' ],
24 silly audit   'convert-source-map': [ '2.0.0' ],
24 silly audit   'create-jest': [ '29.7.0' ],
24 silly audit   'create-require': [ '1.1.1' ],
24 silly audit   'cross-spawn': [ '7.0.6' ],
24 silly audit   'css.escape': [ '1.5.1' ],
24 silly audit   cssom: [ '0.5.0', '0.3.8' ],
24 silly audit   cssstyle: [ '2.3.0' ],
24 silly audit   csstype: [ '3.1.3' ],
24 silly audit   'd3-array': [ '3.2.4' ],
24 silly audit   'd3-color': [ '3.1.0' ],
24 silly audit   'd3-ease': [ '3.0.1' ],
24 silly audit   'd3-format': [ '3.1.0' ],
24 silly audit   'd3-interpolate': [ '3.0.1' ],
24 silly audit   'd3-path': [ '3.1.0' ],
24 silly audit   'd3-scale': [ '4.0.2' ],
24 silly audit   'd3-shape': [ '3.2.0' ],
24 silly audit   'd3-time': [ '3.1.0' ],
24 silly audit   'd3-time-format': [ '4.1.0' ],
24 silly audit   'd3-timer': [ '3.0.1' ],
24 silly audit   'data-urls': [ '3.0.2' ],
24 silly audit   tr46: [ '3.0.0', '0.0.3' ],
24 silly audit   'whatwg-url': [ '11.0.0', '5.0.0' ],
24 silly audit   'date-fns': [ '3.6.0', '4.1.0' ],
24 silly audit   'date-fns-jalali': [ '4.1.0-0' ],
24 silly audit   debug: [ '4.4.3' ],
24 silly audit   'decimal.js': [ '10.6.0' ],
24 silly audit   'decimal.js-light': [ '2.5.1' ],
24 silly audit   dedent: [ '1.7.0' ],
24 silly audit   deepmerge: [ '4.3.1' ],
24 silly audit   'delayed-stream': [ '1.0.0' ],
24 silly audit   dequal: [ '2.0.3' ],
24 silly audit   'detect-libc': [ '2.1.2' ],
24 silly audit   'detect-newline': [ '3.1.0' ],
24 silly audit   'detect-node-es': [ '1.1.0' ],
24 silly audit   diff: [ '4.0.2' ],
24 silly audit   'diff-sequences': [ '29.6.3' ],
24 silly audit   'dom-helpers': [ '5.2.1' ],
24 silly audit   domexception: [ '4.0.0' ],
24 silly audit   'dunder-proto': [ '1.0.1' ],
24 silly audit   'electron-to-chromium': [ '1.5.237' ],
24 silly audit   'embla-carousel': [ '8.5.1' ],
24 silly audit   'embla-carousel-react': [ '8.5.1' ],
24 silly audit   'embla-carousel-reactive-utils': [ '8.5.1' ],
24 silly audit   emittery: [ '0.13.1' ],
24 silly audit   'emoji-regex': [ '8.0.0' ],
24 silly audit   'enhanced-resolve': [ '5.18.3' ],
24 silly audit   entities: [ '6.0.1' ],
24 silly audit   'error-ex': [ '1.3.4' ],
24 silly audit   'is-arrayish': [ '0.2.1' ],
24 silly audit   'es-define-property': [ '1.0.1' ],
24 silly audit   'es-errors': [ '1.3.0' ],
24 silly audit   'es-object-atoms': [ '1.1.1' ],
24 silly audit   'es-set-tostringtag': [ '2.1.0' ],
24 silly audit   escalade: [ '3.2.0' ],
24 silly audit   'escape-string-regexp': [ '2.0.0' ],
24 silly audit   escodegen: [ '2.1.0' ],
24 silly audit   esprima: [ '4.0.1' ],
24 silly audit   estraverse: [ '5.3.0' ],
24 silly audit   esutils: [ '2.0.3' ],
24 silly audit   eventemitter3: [ '4.0.7' ],
24 silly audit   execa: [ '5.1.1' ],
24 silly audit   exit: [ '0.1.2' ],
24 silly audit   expect: [ '29.7.0' ],
24 silly audit   'fast-equals': [ '5.3.2' ],
24 silly audit   'fast-json-stable-stringify': [ '2.1.0' ],
24 silly audit   'fb-watchman': [ '2.0.2' ],
24 silly audit   'fill-range': [ '7.1.1' ],
24 silly audit   'find-up': [ '4.1.0' ],
24 silly audit   'form-data': [ '4.0.4' ],
24 silly audit   'fraction.js': [ '4.3.7' ],
24 silly audit   'framer-motion': [ '12.23.24' ],
24 silly audit   'fs.realpath': [ '1.0.0' ],
24 silly audit   fsevents: [ '2.3.3' ],
24 silly audit   'function-bind': [ '1.1.2' ],
24 silly audit   gensync: [ '1.0.0-beta.2' ],
24 silly audit   'get-caller-file': [ '2.0.5' ],
24 silly audit   'get-intrinsic': [ '1.3.0' ],
24 silly audit   'get-nonce': [ '1.0.1' ],
24 silly audit   'get-package-type': [ '0.1.0' ],
24 silly audit   'get-proto': [ '1.0.1' ],
24 silly audit   'get-stream': [ '6.0.1' ],
24 silly audit   glob: [ '7.2.3' ],
24 silly audit   gopd: [ '1.2.0' ],
24 silly audit   'graceful-fs': [ '4.2.11' ],
24 silly audit   handlebars: [ '4.7.8' ],
24 silly audit   'has-flag': [ '4.0.0' ],
24 silly audit   'has-symbols': [ '1.1.0' ],
24 silly audit   'has-tostringtag': [ '1.0.2' ],
24 silly audit   hasown: [ '2.0.2' ],
24 silly audit   'html-encoding-sniffer': [ '3.0.0' ],
24 silly audit   'html-escaper': [ '2.0.2' ],
24 silly audit   'http-proxy-agent': [ '5.0.0' ],
24 silly audit   'https-proxy-agent': [ '5.0.1' ],
24 silly audit   'human-signals': [ '2.1.0' ],
24 silly audit   'iconv-lite': [ '0.6.3' ],
24 silly audit   'import-local': [ '3.2.0' ],
24 silly audit   imurmurhash: [ '0.1.4' ],
24 silly audit   'indent-string': [ '4.0.0' ],
24 silly audit   inflight: [ '1.0.6' ],
24 silly audit   inherits: [ '2.0.4' ],
24 silly audit   'input-otp': [ '1.4.1' ],
24 silly audit   internmap: [ '2.0.3' ],
24 silly audit   'is-core-module': [ '2.16.1' ],
24 silly audit   'is-fullwidth-code-point': [ '3.0.0' ],
24 silly audit   'is-generator-fn': [ '2.1.0' ],
24 silly audit   'is-number': [ '7.0.0' ],
24 silly audit   'is-potential-custom-element-name': [ '1.0.1' ],
24 silly audit   'is-stream': [ '2.0.1' ],
24 silly audit   isexe: [ '2.0.0' ],
24 silly audit   'istanbul-lib-coverage': [ '3.2.2' ],
24 silly audit   'istanbul-lib-report': [ '3.0.1' ],
24 silly audit   'istanbul-lib-source-maps': [ '4.0.1' ],
24 silly audit   'istanbul-reports': [ '3.2.0' ],
24 silly audit   jest: [ '29.7.0' ],
24 silly audit   'jest-changed-files': [ '29.7.0' ],
24 silly audit   'jest-circus': [ '29.7.0' ],
24 silly audit   'jest-cli': [ '29.7.0' ],
24 silly audit   'jest-diff': [ '29.7.0' ],
24 silly audit   'jest-docblock': [ '29.7.0' ],
24 silly audit   'jest-each': [ '29.7.0' ],
24 silly audit   'jest-environment-jsdom': [ '29.7.0' ],
24 silly audit   'jest-environment-node': [ '29.7.0' ],
24 silly audit   'jest-get-type': [ '29.6.3' ],
24 silly audit   'jest-haste-map': [ '29.7.0' ],
24 silly audit   'jest-leak-detector': [ '29.7.0' ],
24 silly audit   'jest-matcher-utils': [ '29.7.0' ],
24 silly audit   'jest-message-util': [ '29.7.0' ],
24 silly audit   'jest-mock': [ '29.7.0' ],
24 silly audit   'jest-pnp-resolver': [ '1.2.3' ],
24 silly audit   'jest-regex-util': [ '29.6.3' ],
24 silly audit   'jest-resolve': [ '29.7.0' ],
24 silly audit   'jest-resolve-dependencies': [ '29.7.0' ],
24 silly audit   'jest-runner': [ '29.7.0' ],
24 silly audit   'jest-runtime': [ '29.7.0' ],
24 silly audit   'jest-snapshot': [ '29.7.0' ],
24 silly audit   'jest-util': [ '29.7.0' ],
24 silly audit   'jest-validate': [ '29.7.0' ],
24 silly audit   'jest-watcher': [ '29.7.0' ],
24 silly audit   'jest-worker': [ '29.7.0' ],
24 silly audit   'supports-color': [ '8.1.1', '7.2.0' ],
24 silly audit   jiti: [ '2.6.1' ],
24 silly audit   'js-tokens': [ '4.0.0' ],
24 silly audit   'js-yaml': [ '3.14.1' ],
24 silly audit   jsdom: [ '20.0.3' ],
24 silly audit   jsesc: [ '3.1.0' ],
24 silly audit   'json-parse-even-better-errors': [ '2.3.1' ],
24 silly audit   json5: [ '2.2.3' ],
24 silly audit   kleur: [ '3.0.3' ],
24 silly audit   leven: [ '3.1.0' ],
24 silly audit   lightningcss: [ '1.30.1' ],
24 silly audit   'lightningcss-darwin-arm64': [ '1.30.1' ],
24 silly audit   'lightningcss-darwin-x64': [ '1.30.1' ],
24 silly audit   'lightningcss-freebsd-x64': [ '1.30.1' ],
24 silly audit   'lightningcss-linux-arm-gnueabihf': [ '1.30.1' ],
24 silly audit   'lightningcss-linux-arm64-gnu': [ '1.30.1' ],
24 silly audit   'lightningcss-linux-arm64-musl': [ '1.30.1' ],
24 silly audit   'lightningcss-linux-x64-gnu': [ '1.30.1' ],
24 silly audit   'lightningcss-linux-x64-musl': [ '1.30.1' ],
24 silly audit   'lightningcss-win32-arm64-msvc': [ '1.30.1' ],
24 silly audit   'lightningcss-win32-x64-msvc': [ '1.30.1' ],
24 silly audit   'lines-and-columns': [ '1.2.4' ],
24 silly audit   'locate-path': [ '5.0.0' ],
24 silly audit   lodash: [ '4.17.21' ],
24 silly audit   'lodash.memoize': [ '4.1.2' ],
24 silly audit   'loose-envify': [ '1.4.0' ],
24 silly audit   'lru-cache': [ '5.1.1' ],
24 silly audit   yallist: [ '3.1.1', '5.0.0' ],
24 silly audit   'lucide-react': [ '0.454.0' ],
24 silly audit   'lz-string': [ '1.5.0' ],
24 silly audit   'magic-string': [ '0.30.19' ],
24 silly audit   'make-dir': [ '4.0.0' ],
24 silly audit   'make-error': [ '1.3.6' ],
24 silly audit   makeerror: [ '1.0.12' ],
24 silly audit   'math-intrinsics': [ '1.1.0' ],
24 silly audit   'merge-stream': [ '2.0.0' ],
24 silly audit   micromatch: [ '4.0.8' ],
24 silly audit   'mime-db': [ '1.52.0' ],
24 silly audit   'mime-types': [ '2.1.35' ],
24 silly audit   'mimic-fn': [ '2.1.0' ],
24 silly audit   'min-indent': [ '1.0.1' ],
24 silly audit   minimatch: [ '3.1.2' ],
24 silly audit   minimist: [ '1.2.8' ],
24 silly audit   minipass: [ '7.1.2' ],
24 silly audit   minizlib: [ '3.1.0' ],
24 silly audit   'motion-dom': [ '12.23.23' ],
24 silly audit   'motion-utils': [ '12.23.6' ],
24 silly audit   ms: [ '2.1.3' ],
24 silly audit   nanoid: [ '3.3.11' ],
24 silly audit   'natural-compare': [ '1.4.0' ],
24 silly audit   'neo-async': [ '2.6.2' ],
24 silly audit   next: [ '15.5.6' ],
24 silly audit   'next-themes': [ '0.4.6' ],
24 silly audit   postcss: [ '8.4.31', '8.5.6' ],
24 silly audit   'node-int64': [ '0.4.0' ],
24 silly audit   'node-releases': [ '2.0.25' ],
24 silly audit   'normalize-path': [ '3.0.0' ],
24 silly audit   'normalize-range': [ '0.1.2' ],
24 silly audit   'npm-run-path': [ '4.0.1' ],
24 silly audit   nwsapi: [ '2.2.22' ],
24 silly audit   'object-assign': [ '4.1.1' ],
24 silly audit   once: [ '1.4.0' ],
24 silly audit   onetime: [ '5.1.2' ],
24 silly audit   'p-limit': [ '3.1.0', '2.3.0' ],
24 silly audit   'p-locate': [ '4.1.0' ],
24 silly audit   'p-try': [ '2.2.0' ],
24 silly audit   'parse-json': [ '5.2.0' ],
24 silly audit   parse5: [ '7.3.0' ],
24 silly audit   'path-exists': [ '4.0.0' ],
24 silly audit   'path-is-absolute': [ '1.0.1' ],
24 silly audit   'path-key': [ '3.1.1' ],
24 silly audit   'path-parse': [ '1.0.7' ],
24 silly audit   picocolors: [ '1.1.1' ],
24 silly audit   picomatch: [ '2.3.1' ],
24 silly audit   pirates: [ '4.0.7' ],
24 silly audit   'pkg-dir': [ '4.2.0' ],
24 silly audit   'postcss-value-parser': [ '4.2.0' ],
24 silly audit   'react-is': [ '17.0.2', '16.13.1', '18.3.1' ],
24 silly audit   prompts: [ '2.4.2' ],
24 silly audit   'prop-types': [ '15.8.1' ],
24 silly audit   psl: [ '1.15.0' ],
24 silly audit   punycode: [ '2.3.1' ],
24 silly audit   'pure-rand': [ '6.1.0' ],
24 silly audit   querystringify: [ '2.2.0' ],
24 silly audit   react: [ '19.2.0' ],
24 silly audit   'react-day-picker': [ '9.8.0' ],
24 silly audit   'react-dom': [ '19.2.0' ],
24 silly audit   'react-hook-form': [ '7.65.0' ],
24 silly audit   'react-remove-scroll': [ '2.7.1' ],
24 silly audit   'react-remove-scroll-bar': [ '2.3.8' ],
24 silly audit   'react-resizable-panels': [ '2.1.9' ],
24 silly audit   'react-smooth': [ '4.0.4' ],
24 silly audit   'react-style-singleton': [ '2.2.3' ],
24 silly audit   'react-transition-group': [ '4.4.5' ],
24 silly audit   recharts: [ '2.15.4' ],
24 silly audit   'recharts-scale': [ '0.4.5' ],
24 silly audit   redent: [ '3.0.0' ],
24 silly audit   'require-directory': [ '2.1.1' ],
24 silly audit   'requires-port': [ '1.0.0' ],
24 silly audit   resolve: [ '1.22.11' ],
24 silly audit   'resolve-cwd': [ '3.0.0' ],
24 silly audit   'resolve-from': [ '5.0.0' ],
24 silly audit   'resolve.exports': [ '2.0.3' ],
24 silly audit   'safer-buffer': [ '2.1.2' ],
24 silly audit   saxes: [ '6.0.0' ],
24 silly audit   scheduler: [ '0.27.0' ],
24 silly audit   'server-only': [ '0.0.1' ],
24 silly audit   sharp: [ '0.34.4' ],
24 silly audit   'shebang-command': [ '2.0.0' ],
24 silly audit   'shebang-regex': [ '3.0.0' ],
24 silly audit   'signal-exit': [ '3.0.7' ],
24 silly audit   sisteransi: [ '1.0.5' ],
24 silly audit   slash: [ '3.0.0' ],
24 silly audit   sonner: [ '1.7.4' ],
24 silly audit   'source-map': [ '0.6.1' ],
24 silly audit   'source-map-js': [ '1.2.1' ],
24 silly audit   'source-map-support': [ '0.5.13' ],
24 silly audit   'sprintf-js': [ '1.0.3' ],
24 silly audit   'stack-utils': [ '2.0.6' ],
24 silly audit   'string-length': [ '4.0.2' ],
24 silly audit   'string-width': [ '4.2.3' ],
24 silly audit   'strip-ansi': [ '6.0.1' ],
24 silly audit   'strip-bom': [ '4.0.0', '3.0.0' ],
24 silly audit   'strip-final-newline': [ '2.0.0' ],
24 silly audit   'strip-indent': [ '3.0.0' ],
24 silly audit   'strip-json-comments': [ '3.1.1' ],
24 silly audit   'styled-jsx': [ '5.1.6' ],
24 silly audit   'supports-preserve-symlinks-flag': [ '1.0.0' ],
24 silly audit   swr: [ '2.3.6' ],
24 silly audit   'symbol-tree': [ '3.2.4' ],
24 silly audit   'tailwind-merge': [ '2.6.0' ],
24 silly audit   tailwindcss: [ '4.1.14' ],
24 silly audit   'tailwindcss-animate': [ '1.0.7' ],
24 silly audit   tapable: [ '2.3.0' ],
24 silly audit   tar: [ '7.5.1' ],
24 silly audit   'test-exclude': [ '6.0.0' ],
24 silly audit   'tiny-invariant': [ '1.3.3' ],
24 silly audit   tmpl: [ '1.0.5' ],
24 silly audit   'to-regex-range': [ '5.0.1' ],
24 silly audit   'tough-cookie': [ '4.1.4' ],
24 silly audit   'ts-jest': [ '29.4.5' ],
24 silly audit   'type-fest': [ '4.41.0', '0.21.3' ],
24 silly audit   'ts-node': [ '10.9.2' ],
24 silly audit   'tsconfig-paths': [ '4.2.0' ],
24 silly audit   tslib: [ '2.8.1' ],
24 silly audit   'tw-animate-css': [ '1.3.3' ],
24 silly audit   'type-detect': [ '4.0.8' ],
24 silly audit   typescript: [ '5.9.3' ],
24 silly audit   'uglify-js': [ '3.19.3' ],
24 silly audit   'undici-types': [ '6.21.0' ],
24 silly audit   universalify: [ '0.2.0' ],
24 silly audit   'update-browserslist-db': [ '1.1.3' ],
24 silly audit   'url-parse': [ '1.5.10' ],
24 silly audit   'use-callback-ref': [ '1.3.3' ],
24 silly audit   'use-sidecar': [ '1.1.3' ],
24 silly audit   'use-sync-external-store': [ '1.6.0' ],
24 silly audit   'v8-compile-cache-lib': [ '3.0.1' ],
24 silly audit   'v8-to-istanbul': [ '9.3.0' ],
24 silly audit   vaul: [ '1.1.2' ],
24 silly audit   'victory-vendor': [ '36.9.2' ],
24 silly audit   'w3c-xmlserializer': [ '4.0.0' ],
24 silly audit   walker: [ '1.0.8' ],
24 silly audit   'webidl-conversions': [ '7.0.0', '3.0.1' ],
24 silly audit   'whatwg-encoding': [ '2.0.0' ],
24 silly audit   'whatwg-mimetype': [ '3.0.0' ],
24 silly audit   which: [ '2.0.2' ],
24 silly audit   wordwrap: [ '1.0.0' ],
24 silly audit   'wrap-ansi': [ '7.0.0' ],
24 silly audit   wrappy: [ '1.0.2' ],
24 silly audit   'write-file-atomic': [ '4.0.2' ],
24 silly audit   ws: [ '8.18.3' ],
24 silly audit   'xml-name-validator': [ '4.0.0' ],
24 silly audit   xmlchars: [ '2.2.0' ],
24 silly audit   y18n: [ '5.0.8' ],
24 silly audit   yargs: [ '17.7.2' ],
24 silly audit   'yargs-parser': [ '21.1.1' ],
24 silly audit   yn: [ '3.1.1' ],
24 silly audit   'yocto-queue': [ '0.1.0' ],
24 silly audit   zod: [ '3.25.76' ],
24 silly audit   'html5-qrcode': [ '2.3.8' ],
24 silly audit   '@tailwindcss/oxide-wasm32-wasi': [ '4.1.14' ]
24 silly audit }
25 verbose reify failed optional dependency /Users/xspark3/ASM & HRMS/XSpark_HRMS/node_modules/lightningcss-win32-x64-msvc
26 silly reify mark deleted [
26 silly reify   '/Users/xspark3/ASM & HRMS/XSpark_HRMS/node_modules/lightningcss-win32-x64-msvc'
26 silly reify ]
27 verbose reify failed optional dependency /Users/xspark3/ASM & HRMS/XSpark_HRMS/node_modules/lightningcss-win32-arm64-msvc
28 silly reify mark deleted [
28 silly reify   '/Users/xspark3/ASM & HRMS/XSpark_HRMS/node_modules/lightningcss-win32-arm64-msvc'
28 silly reify ]
29 verbose reify failed optional dependency /Users/xspark3/ASM & HRMS/XSpark_HRMS/node_modules/lightningcss-linux-x64-musl
30 silly reify mark deleted [
30 silly reify   '/Users/xspark3/ASM & HRMS/XSpark_HRMS/node_modules/lightningcss-linux-x64-musl'
30 silly reify ]
31 verbose reify failed optional dependency /Users/xspark3/ASM & HRMS/XSpark_HRMS/node_modules/lightningcss-linux-x64-gnu
32 silly reify mark deleted [
32 silly reify   '/Users/xspark3/ASM & HRMS/XSpark_HRMS/node_modules/lightningcss-linux-x64-gnu'
32 silly reify ]
33 verbose reify failed optional dependency /Users/xspark3/ASM & HRMS/XSpark_HRMS/node_modules/lightningcss-linux-arm64-musl
34 silly reify mark deleted [
34 silly reify   '/Users/xspark3/ASM & HRMS/XSpark_HRMS/node_modules/lightningcss-linux-arm64-musl'
34 silly reify ]
35 verbose reify failed optional dependency /Users/xspark3/ASM & HRMS/XSpark_HRMS/node_modules/lightningcss-linux-arm64-gnu
36 silly reify mark deleted [
36 silly reify   '/Users/xspark3/ASM & HRMS/XSpark_HRMS/node_modules/lightningcss-linux-arm64-gnu'
36 silly reify ]
37 verbose reify failed optional dependency /Users/xspark3/ASM & HRMS/XSpark_HRMS/node_modules/lightningcss-linux-arm-gnueabihf
38 silly reify mark deleted [
38 silly reify   '/Users/xspark3/ASM & HRMS/XSpark_HRMS/node_modules/lightningcss-linux-arm-gnueabihf'
38 silly reify ]
39 verbose reify failed optional dependency /Users/xspark3/ASM & HRMS/XSpark_HRMS/node_modules/lightningcss-freebsd-x64
40 silly reify mark deleted [
40 silly reify   '/Users/xspark3/ASM & HRMS/XSpark_HRMS/node_modules/lightningcss-freebsd-x64'
40 silly reify ]
41 verbose reify failed optional dependency /Users/xspark3/ASM & HRMS/XSpark_HRMS/node_modules/lightningcss-darwin-arm64
42 silly reify mark deleted [
42 silly reify   '/Users/xspark3/ASM & HRMS/XSpark_HRMS/node_modules/lightningcss-darwin-arm64'
42 silly reify ]
43 verbose reify failed optional dependency /Users/xspark3/ASM & HRMS/XSpark_HRMS/node_modules/@tailwindcss/oxide-win32-x64-msvc
44 silly reify mark deleted [
44 silly reify   '/Users/xspark3/ASM & HRMS/XSpark_HRMS/node_modules/@tailwindcss/oxide-win32-x64-msvc'
44 silly reify ]
45 verbose reify failed optional dependency /Users/xspark3/ASM & HRMS/XSpark_HRMS/node_modules/@tailwindcss/oxide-win32-arm64-msvc
46 silly reify mark deleted [
46 silly reify   '/Users/xspark3/ASM & HRMS/XSpark_HRMS/node_modules/@tailwindcss/oxide-win32-arm64-msvc'
46 silly reify ]
47 verbose reify failed optional dependency /Users/xspark3/ASM & HRMS/XSpark_HRMS/node_modules/@tailwindcss/oxide-linux-x64-musl
48 silly reify mark deleted [
48 silly reify   '/Users/xspark3/ASM & HRMS/XSpark_HRMS/node_modules/@tailwindcss/oxide-linux-x64-musl'
48 silly reify ]
49 verbose reify failed optional dependency /Users/xspark3/ASM & HRMS/XSpark_HRMS/node_modules/@tailwindcss/oxide-linux-x64-gnu
50 silly reify mark deleted [
50 silly reify   '/Users/xspark3/ASM & HRMS/XSpark_HRMS/node_modules/@tailwindcss/oxide-linux-x64-gnu'
50 silly reify ]
51 verbose reify failed optional dependency /Users/xspark3/ASM & HRMS/XSpark_HRMS/node_modules/@tailwindcss/oxide-linux-arm64-musl
52 silly reify mark deleted [
52 silly reify   '/Users/xspark3/ASM & HRMS/XSpark_HRMS/node_modules/@tailwindcss/oxide-linux-arm64-musl'
52 silly reify ]
53 verbose reify failed optional dependency /Users/xspark3/ASM & HRMS/XSpark_HRMS/node_modules/@tailwindcss/oxide-linux-arm64-gnu
54 silly reify mark deleted [
54 silly reify   '/Users/xspark3/ASM & HRMS/XSpark_HRMS/node_modules/@tailwindcss/oxide-linux-arm64-gnu'
54 silly reify ]
55 verbose reify failed optional dependency /Users/xspark3/ASM & HRMS/XSpark_HRMS/node_modules/@tailwindcss/oxide-linux-arm-gnueabihf
56 silly reify mark deleted [
56 silly reify   '/Users/xspark3/ASM & HRMS/XSpark_HRMS/node_modules/@tailwindcss/oxide-linux-arm-gnueabihf'
56 silly reify ]
57 verbose reify failed optional dependency /Users/xspark3/ASM & HRMS/XSpark_HRMS/node_modules/@tailwindcss/oxide-freebsd-x64
58 silly reify mark deleted [
58 silly reify   '/Users/xspark3/ASM & HRMS/XSpark_HRMS/node_modules/@tailwindcss/oxide-freebsd-x64'
58 silly reify ]
59 verbose reify failed optional dependency /Users/xspark3/ASM & HRMS/XSpark_HRMS/node_modules/@tailwindcss/oxide-darwin-arm64
60 silly reify mark deleted [
60 silly reify   '/Users/xspark3/ASM & HRMS/XSpark_HRMS/node_modules/@tailwindcss/oxide-darwin-arm64'
60 silly reify ]
61 verbose reify failed optional dependency /Users/xspark3/ASM & HRMS/XSpark_HRMS/node_modules/@tailwindcss/oxide-android-arm64
62 silly reify mark deleted [
62 silly reify   '/Users/xspark3/ASM & HRMS/XSpark_HRMS/node_modules/@tailwindcss/oxide-android-arm64'
62 silly reify ]
63 verbose reify failed optional dependency /Users/xspark3/ASM & HRMS/XSpark_HRMS/node_modules/@next/swc-win32-x64-msvc
64 silly reify mark deleted [
64 silly reify   '/Users/xspark3/ASM & HRMS/XSpark_HRMS/node_modules/@next/swc-win32-x64-msvc'
64 silly reify ]
65 verbose reify failed optional dependency /Users/xspark3/ASM & HRMS/XSpark_HRMS/node_modules/@next/swc-win32-arm64-msvc
66 silly reify mark deleted [
66 silly reify   '/Users/xspark3/ASM & HRMS/XSpark_HRMS/node_modules/@next/swc-win32-arm64-msvc'
66 silly reify ]
67 verbose reify failed optional dependency /Users/xspark3/ASM & HRMS/XSpark_HRMS/node_modules/@next/swc-linux-x64-musl
68 silly reify mark deleted [
68 silly reify   '/Users/xspark3/ASM & HRMS/XSpark_HRMS/node_modules/@next/swc-linux-x64-musl'
68 silly reify ]
69 verbose reify failed optional dependency /Users/xspark3/ASM & HRMS/XSpark_HRMS/node_modules/@next/swc-linux-x64-gnu
70 silly reify mark deleted [
70 silly reify   '/Users/xspark3/ASM & HRMS/XSpark_HRMS/node_modules/@next/swc-linux-x64-gnu'
70 silly reify ]
71 verbose reify failed optional dependency /Users/xspark3/ASM & HRMS/XSpark_HRMS/node_modules/@next/swc-linux-arm64-musl
72 silly reify mark deleted [
72 silly reify   '/Users/xspark3/ASM & HRMS/XSpark_HRMS/node_modules/@next/swc-linux-arm64-musl'
72 silly reify ]
73 verbose reify failed optional dependency /Users/xspark3/ASM & HRMS/XSpark_HRMS/node_modules/@next/swc-linux-arm64-gnu
74 silly reify mark deleted [
74 silly reify   '/Users/xspark3/ASM & HRMS/XSpark_HRMS/node_modules/@next/swc-linux-arm64-gnu'
74 silly reify ]
75 verbose reify failed optional dependency /Users/xspark3/ASM & HRMS/XSpark_HRMS/node_modules/@next/swc-darwin-arm64
76 silly reify mark deleted [
76 silly reify   '/Users/xspark3/ASM & HRMS/XSpark_HRMS/node_modules/@next/swc-darwin-arm64'
76 silly reify ]
77 verbose reify failed optional dependency /Users/xspark3/ASM & HRMS/XSpark_HRMS/node_modules/@img/sharp-win32-x64
78 silly reify mark deleted [
78 silly reify   '/Users/xspark3/ASM & HRMS/XSpark_HRMS/node_modules/@img/sharp-win32-x64'
78 silly reify ]
79 verbose reify failed optional dependency /Users/xspark3/ASM & HRMS/XSpark_HRMS/node_modules/@img/sharp-win32-ia32
80 silly reify mark deleted [
80 silly reify   '/Users/xspark3/ASM & HRMS/XSpark_HRMS/node_modules/@img/sharp-win32-ia32'
80 silly reify ]
81 verbose reify failed optional dependency /Users/xspark3/ASM & HRMS/XSpark_HRMS/node_modules/@img/sharp-win32-arm64
82 silly reify mark deleted [
82 silly reify   '/Users/xspark3/ASM & HRMS/XSpark_HRMS/node_modules/@img/sharp-win32-arm64'
82 silly reify ]
83 verbose reify failed optional dependency /Users/xspark3/ASM & HRMS/XSpark_HRMS/node_modules/@img/sharp-wasm32
84 silly reify mark deleted [
84 silly reify   '/Users/xspark3/ASM & HRMS/XSpark_HRMS/node_modules/@img/sharp-wasm32'
84 silly reify ]
85 verbose reify failed optional dependency /Users/xspark3/ASM & HRMS/XSpark_HRMS/node_modules/@img/sharp-linuxmusl-x64
86 silly reify mark deleted [
86 silly reify   '/Users/xspark3/ASM & HRMS/XSpark_HRMS/node_modules/@img/sharp-linuxmusl-x64'
86 silly reify ]
87 verbose reify failed optional dependency /Users/xspark3/ASM & HRMS/XSpark_HRMS/node_modules/@img/sharp-linuxmusl-arm64
88 silly reify mark deleted [
88 silly reify   '/Users/xspark3/ASM & HRMS/XSpark_HRMS/node_modules/@img/sharp-linuxmusl-arm64'
88 silly reify ]
89 verbose reify failed optional dependency /Users/xspark3/ASM & HRMS/XSpark_HRMS/node_modules/@img/sharp-linux-x64
90 silly reify mark deleted [
90 silly reify   '/Users/xspark3/ASM & HRMS/XSpark_HRMS/node_modules/@img/sharp-linux-x64'
90 silly reify ]
91 verbose reify failed optional dependency /Users/xspark3/ASM & HRMS/XSpark_HRMS/node_modules/@img/sharp-linux-s390x
92 silly reify mark deleted [
92 silly reify   '/Users/xspark3/ASM & HRMS/XSpark_HRMS/node_modules/@img/sharp-linux-s390x'
92 silly reify ]
93 verbose reify failed optional dependency /Users/xspark3/ASM & HRMS/XSpark_HRMS/node_modules/@img/sharp-linux-ppc64
94 silly reify mark deleted [
94 silly reify   '/Users/xspark3/ASM & HRMS/XSpark_HRMS/node_modules/@img/sharp-linux-ppc64'
94 silly reify ]
95 verbose reify failed optional dependency /Users/xspark3/ASM & HRMS/XSpark_HRMS/node_modules/@img/sharp-linux-arm64
96 silly reify mark deleted [
96 silly reify   '/Users/xspark3/ASM & HRMS/XSpark_HRMS/node_modules/@img/sharp-linux-arm64'
96 silly reify ]
97 verbose reify failed optional dependency /Users/xspark3/ASM & HRMS/XSpark_HRMS/node_modules/@img/sharp-linux-arm
98 silly reify mark deleted [
98 silly reify   '/Users/xspark3/ASM & HRMS/XSpark_HRMS/node_modules/@img/sharp-linux-arm'
98 silly reify ]
99 verbose reify failed optional dependency /Users/xspark3/ASM & HRMS/XSpark_HRMS/node_modules/@img/sharp-libvips-linuxmusl-x64
100 silly reify mark deleted [
100 silly reify   '/Users/xspark3/ASM & HRMS/XSpark_HRMS/node_modules/@img/sharp-libvips-linuxmusl-x64'
100 silly reify ]
101 verbose reify failed optional dependency /Users/xspark3/ASM & HRMS/XSpark_HRMS/node_modules/@img/sharp-libvips-linuxmusl-arm64
102 silly reify mark deleted [
102 silly reify   '/Users/xspark3/ASM & HRMS/XSpark_HRMS/node_modules/@img/sharp-libvips-linuxmusl-arm64'
102 silly reify ]
103 verbose reify failed optional dependency /Users/xspark3/ASM & HRMS/XSpark_HRMS/node_modules/@img/sharp-libvips-linux-x64
104 silly reify mark deleted [
104 silly reify   '/Users/xspark3/ASM & HRMS/XSpark_HRMS/node_modules/@img/sharp-libvips-linux-x64'
104 silly reify ]
105 verbose reify failed optional dependency /Users/xspark3/ASM & HRMS/XSpark_HRMS/node_modules/@img/sharp-libvips-linux-s390x
106 silly reify mark deleted [
106 silly reify   '/Users/xspark3/ASM & HRMS/XSpark_HRMS/node_modules/@img/sharp-libvips-linux-s390x'
106 silly reify ]
107 verbose reify failed optional dependency /Users/xspark3/ASM & HRMS/XSpark_HRMS/node_modules/@img/sharp-libvips-linux-ppc64
108 silly reify mark deleted [
108 silly reify   '/Users/xspark3/ASM & HRMS/XSpark_HRMS/node_modules/@img/sharp-libvips-linux-ppc64'
108 silly reify ]
109 verbose reify failed optional dependency /Users/xspark3/ASM & HRMS/XSpark_HRMS/node_modules/@img/sharp-libvips-linux-arm64
110 silly reify mark deleted [
110 silly reify   '/Users/xspark3/ASM & HRMS/XSpark_HRMS/node_modules/@img/sharp-libvips-linux-arm64'
110 silly reify ]
111 verbose reify failed optional dependency /Users/xspark3/ASM & HRMS/XSpark_HRMS/node_modules/@img/sharp-libvips-linux-arm
112 silly reify mark deleted [
112 silly reify   '/Users/xspark3/ASM & HRMS/XSpark_HRMS/node_modules/@img/sharp-libvips-linux-arm'
112 silly reify ]
113 verbose reify failed optional dependency /Users/xspark3/ASM & HRMS/XSpark_HRMS/node_modules/@img/sharp-libvips-darwin-arm64
114 silly reify mark deleted [
114 silly reify   '/Users/xspark3/ASM & HRMS/XSpark_HRMS/node_modules/@img/sharp-libvips-darwin-arm64'
114 silly reify ]
115 verbose reify failed optional dependency /Users/xspark3/ASM & HRMS/XSpark_HRMS/node_modules/@img/sharp-darwin-arm64
116 silly reify mark deleted [
116 silly reify   '/Users/xspark3/ASM & HRMS/XSpark_HRMS/node_modules/@img/sharp-darwin-arm64'
116 silly reify ]
117 http fetch POST 200 https://registry.npmjs.org/-/npm/v1/security/advisories/bulk 1889ms
118 silly audit report {
118 silly audit report   diff: [
118 silly audit report     {
118 silly audit report       id: 1112704,
118 silly audit report       url: 'https://github.com/advisories/GHSA-73rr-hh4g-fpgx',
118 silly audit report       title: 'jsdiff has a Denial of Service vulnerability in parsePatch and applyPatch',
118 silly audit report       severity: 'low',
118 silly audit report       vulnerable_versions: '>=4.0.0 <4.0.4',
118 silly audit report       cwe: [Array],
118 silly audit report       cvss: [Object]
118 silly audit report     }
118 silly audit report   ],
118 silly audit report   'js-yaml': [
118 silly audit report     {
118 silly audit report       id: 1112714,
118 silly audit report       url: 'https://github.com/advisories/GHSA-mh29-5h37-fv8m',
118 silly audit report       title: 'js-yaml has prototype pollution in merge (<<)',
118 silly audit report       severity: 'moderate',
118 silly audit report       vulnerable_versions: '<3.14.2',
118 silly audit report       cwe: [Array],
118 silly audit report       cvss: [Object]
118 silly audit report     }
118 silly audit report   ],
118 silly audit report   lodash: [
118 silly audit report     {
118 silly audit report       id: 1112455,
118 silly audit report       url: 'https://github.com/advisories/GHSA-xxjr-mmjv-4gpg',
118 silly audit report       title: 'Lodash has Prototype Pollution Vulnerability in `_.unset` and `_.omit` functions',
118 silly audit report       severity: 'moderate',
118 silly audit report       vulnerable_versions: '>=4.0.0 <=4.17.22',
118 silly audit report       cwe: [Array],
118 silly audit report       cvss: [Object]
118 silly audit report     }
118 silly audit report   ],
118 silly audit report   next: [
118 silly audit report     {
118 silly audit report       id: 1111366,
118 silly audit report       url: 'https://github.com/advisories/GHSA-9qr9-h5gf-34mp',
118 silly audit report       title: 'Next.js is vulnerable to RCE in React flight protocol',
118 silly audit report       severity: 'critical',
118 silly audit report       vulnerable_versions: '>=15.5.0-canary.0 <15.5.7',
118 silly audit report       cwe: [Array],
118 silly audit report       cvss: [Object]
118 silly audit report     },
118 silly audit report     {
118 silly audit report       id: 1111376,
118 silly audit report       url: 'https://github.com/advisories/GHSA-w37m-7fhw-fmv9',
118 silly audit report       title: 'Next Server Actions Source Code Exposure ',
118 silly audit report       severity: 'moderate',
118 silly audit report       vulnerable_versions: '>=15.5.1-canary.0 <15.5.8',
118 silly audit report       cwe: [Array],
118 silly audit report       cvss: [Object]
118 silly audit report     },
118 silly audit report     {
118 silly audit report       id: 1111385,
118 silly audit report       url: 'https://github.com/advisories/GHSA-mwv6-3258-q52c',
118 silly audit report       title: 'Next Vulnerable to Denial of Service with Server Components',
118 silly audit report       severity: 'high',
118 silly audit report       vulnerable_versions: '>=15.5.1-canary.0 <15.5.8',
118 silly audit report       cwe: [Array],
118 silly audit report       cvss: [Object]
118 silly audit report     },
118 silly audit report     {
118 silly audit report       id: 1112593,
118 silly audit report       url: 'https://github.com/advisories/GHSA-9g9p-9gw9-jx7f',
118 silly audit report       title: 'Next.js self-hosted applications vulnerable to DoS via Image Optimizer remotePatterns configuration',
118 silly audit report       severity: 'moderate',
118 silly audit report       vulnerable_versions: '>=10.0.0 <15.5.10',
118 silly audit report       cwe: [Array],
118 silly audit report       cvss: [Object]
118 silly audit report     },
118 silly audit report     {
118 silly audit report       id: 1112648,
118 silly audit report       url: 'https://github.com/advisories/GHSA-h25m-26qc-wcjf',
118 silly audit report       title: 'Next.js HTTP request deserialization can lead to DoS when using insecure React Server Components',
118 silly audit report       severity: 'high',
118 silly audit report       vulnerable_versions: '>=15.5.1-canary.0 <15.5.10',
118 silly audit report       cwe: [Array],
118 silly audit report       cvss: [Object]
118 silly audit report     }
118 silly audit report   ],
118 silly audit report   tar: [
118 silly audit report     {
118 silly audit report       id: 1112255,
118 silly audit report       url: 'https://github.com/advisories/GHSA-8qq5-rm4j-mr97',
118 silly audit report       title: 'node-tar is Vulnerable to Arbitrary File Overwrite and Symlink Poisoning via Insufficient Path Sanitization',
118 silly audit report       severity: 'high',
118 silly audit report       vulnerable_versions: '<=7.5.2',
118 silly audit report       cwe: [Array],
118 silly audit report       cvss: [Object]
118 silly audit report     },
118 silly audit report     {
118 silly audit report       id: 1112329,
118 silly audit report       url: 'https://github.com/advisories/GHSA-r6q2-hw4h-h46w',
118 silly audit report       title: 'Race Condition in node-tar Path Reservations via Unicode Ligature Collisions on macOS APFS',
118 silly audit report       severity: 'high',
118 silly audit report       vulnerable_versions: '<=7.5.3',
118 silly audit report       cwe: [Array],
118 silly audit report       cvss: [Object]
118 silly audit report     },
118 silly audit report     {
118 silly audit report       id: 1109463,
118 silly audit report       url: 'https://github.com/advisories/GHSA-29xp-372q-xqph',
118 silly audit report       title: 'node-tar has a race condition leading to uninitialized memory exposure',
118 silly audit report       severity: 'moderate',
118 silly audit report       vulnerable_versions: '=7.5.1',
118 silly audit report       cwe: [Array],
118 silly audit report       cvss: [Object]
118 silly audit report     },
118 silly audit report     {
118 silly audit report       id: 1112659,
118 silly audit report       url: 'https://github.com/advisories/GHSA-34x7-hfp2-rc4v',
118 silly audit report       title: 'node-tar Vulnerable to Arbitrary File Creation/Overwrite via Hardlink Path Traversal',
118 silly audit report       severity: 'high',
118 silly audit report       vulnerable_versions: '<7.5.7',
118 silly audit report       cwe: [Array],
118 silly audit report       cvss: [Object]
118 silly audit report     },
118 silly audit report     {
118 silly audit report       id: 1113249,
118 silly audit report       url: 'https://github.com/advisories/GHSA-83g3-92jg-28cx',
118 silly audit report       title: 'Arbitrary File Read/Write via Hardlink Target Escape Through Symlink Chain in node-tar Extraction',
118 silly audit report       severity: 'high',
118 silly audit report       vulnerable_versions: '<7.5.8',
118 silly audit report       cwe: [Array],
118 silly audit report       cvss: [Object]
118 silly audit report     }
118 silly audit report   ]
118 silly audit report }
119 silly packumentCache corgi:https://registry.npmjs.org/diff cache-miss
120 silly packumentCache corgi:https://registry.npmjs.org/js-yaml cache-miss
121 silly packumentCache corgi:https://registry.npmjs.org/lodash cache-miss
122 silly packumentCache corgi:https://registry.npmjs.org/next cache-miss
123 silly packumentCache corgi:https://registry.npmjs.org/tar cache-miss
124 http cache https://registry.npmjs.org/lodash 16ms (cache hit)
125 silly packumentCache corgi:https://registry.npmjs.org/lodash set size:68481 disposed:false
126 http cache https://registry.npmjs.org/js-yaml 19ms (cache hit)
127 silly packumentCache corgi:https://registry.npmjs.org/js-yaml set size:58533 disposed:false
128 http cache https://registry.npmjs.org/diff 20ms (cache hit)
129 silly packumentCache corgi:https://registry.npmjs.org/diff set size:65404 disposed:false
130 http cache https://registry.npmjs.org/tar 20ms (cache hit)
131 silly packumentCache corgi:https://registry.npmjs.org/tar set size:195519 disposed:false
132 http cache https://registry.npmjs.org/next 77ms (cache hit)
133 silly packumentCache corgi:https://registry.npmjs.org/next set size:23900741 disposed:false
134 silly packumentCache corgi:https://registry.npmjs.org/ts-node cache-miss
135 http cache https://registry.npmjs.org/ts-node 7ms (cache hit)
136 silly packumentCache corgi:https://registry.npmjs.org/ts-node set size:206364 disposed:false
137 silly packumentCache corgi:https://registry.npmjs.org/@istanbuljs%2fload-nyc-config cache-miss
138 http cache https://registry.npmjs.org/@istanbuljs%2fload-nyc-config 4ms (cache hit)
139 silly packumentCache corgi:https://registry.npmjs.org/@istanbuljs%2fload-nyc-config set size:8602 disposed:false
140 silly packumentCache corgi:https://registry.npmjs.org/recharts cache-miss
141 http cache https://registry.npmjs.org/recharts 9ms (cache hit)
142 silly packumentCache corgi:https://registry.npmjs.org/recharts set size:777667 disposed:false
143 silly packumentCache corgi:https://registry.npmjs.org/@vercel%2fanalytics cache-miss
144 http cache https://registry.npmjs.org/@vercel%2fanalytics 17ms (cache hit)
145 silly packumentCache corgi:https://registry.npmjs.org/@vercel%2fanalytics set size:89198 disposed:false
146 silly packumentCache corgi:https://registry.npmjs.org/@tailwindcss%2foxide cache-miss
147 http cache https://registry.npmjs.org/@tailwindcss%2foxide 13ms (cache hit)
148 silly packumentCache corgi:https://registry.npmjs.org/@tailwindcss%2foxide set size:2043334 disposed:false
149 silly ADD
150 silly ADD
151 silly ADD
152 silly ADD
153 silly ADD
154 silly ADD
155 silly ADD
156 silly ADD
157 silly ADD
158 silly ADD
159 silly ADD
160 silly ADD
161 silly ADD
162 silly ADD
163 silly ADD
164 silly ADD
165 silly ADD
166 silly ADD
167 silly ADD
168 silly ADD
169 silly ADD
170 silly ADD
171 silly ADD
172 silly ADD
173 silly ADD
174 silly ADD
175 silly ADD
176 silly ADD
177 silly ADD
178 silly ADD
179 silly ADD
180 silly ADD
181 silly ADD
182 silly ADD
183 silly ADD
184 silly ADD
185 silly ADD
186 silly ADD
187 silly ADD
188 silly ADD
189 silly ADD
190 silly ADD
191 silly ADD
192 silly ADD
193 silly ADD
194 silly ADD
195 silly ADD
196 verbose cwd /Users/xspark3/ASM & HRMS/XSpark_HRMS
197 verbose os Darwin 23.6.0
198 verbose node v23.9.0
199 verbose npm  v10.9.2
200 verbose exit 0
201 info ok
